Component: ARM Compiler 5.05 update 1 (build 106) Tool: armlink [4d0efa]

==============================================================================

Section Cross References

    madgwickahrs.o(i.MadgwickAHRSupdate) refers to madgwickahrs.o(i.MadgwickAHRSupdateIMU) for MadgwickAHRSupdateIMU
    madgwickahrs.o(i.MadgwickAHRSupdate) refers to madgwickahrs.o(i.invSqrt) for invSqrt
    madgwickahrs.o(i.MadgwickAHRSupdate) refers to f2d.o(x$fpl$f2d) for __aeabi_f2d
    madgwickahrs.o(i.MadgwickAHRSupdate) refers to sqrt.o(i.__hardfp_sqrt) for __hardfp_sqrt
    madgwickahrs.o(i.MadgwickAHRSupdate) refers to d2f.o(x$fpl$d2f) for __aeabi_d2f
    madgwickahrs.o(i.MadgwickAHRSupdate) refers to madgwickahrs.o(.data) for q1
    madgwickahrs.o(i.MadgwickAHRSupdateIMU) refers to madgwickahrs.o(i.invSqrt) for invSqrt
    madgwickahrs.o(i.MadgwickAHRSupdateIMU) refers to madgwickahrs.o(.data) for q1
    quaternion.o(i.quaternionToEuler) refers to f2d.o(x$fpl$f2d) for __aeabi_f2d
    quaternion.o(i.quaternionToEuler) refers to atan2.o(i.__hardfp_atan2) for __hardfp_atan2
    quaternion.o(i.quaternionToEuler) refers to d2f.o(x$fpl$d2f) for __aeabi_d2f
    quaternion.o(i.quaternionToEuler) refers to asin.o(i.__hardfp_asin) for __hardfp_asin
    quaternion.o(i.quaternionToEuler) refers to ddiv.o(x$fpl$ddiv) for __aeabi_ddiv
    quaternion.o(i.quaternionToEuler) refers to dmul.o(x$fpl$dmul) for __aeabi_dmul
    quaternion.o(i.quaternionToEuler) refers to quaternion.o(.data) for par_y
    tm_stm32f4_i2c.o(i.TM_I2C1_InitPins) refers to stm32f4xx_rcc.o(i.RCC_AHB1PeriphClockCmd) for RCC_AHB1PeriphClockCmd
    tm_stm32f4_i2c.o(i.TM_I2C1_InitPins) refers to stm32f4xx_gpio.o(i.GPIO_PinAFConfig) for GPIO_PinAFConfig
    tm_stm32f4_i2c.o(i.TM_I2C1_InitPins) refers to stm32f4xx_gpio.o(i.GPIO_Init) for GPIO_Init
    tm_stm32f4_i2c.o(i.TM_I2C1_InitPins) refers to tm_stm32f4_i2c.o(.data) for GPIO_I2C_InitStruct
    tm_stm32f4_i2c.o(i.TM_I2C2_InitPins) refers to stm32f4xx_rcc.o(i.RCC_AHB1PeriphClockCmd) for RCC_AHB1PeriphClockCmd
    tm_stm32f4_i2c.o(i.TM_I2C2_InitPins) refers to stm32f4xx_gpio.o(i.GPIO_PinAFConfig) for GPIO_PinAFConfig
    tm_stm32f4_i2c.o(i.TM_I2C2_InitPins) refers to stm32f4xx_gpio.o(i.GPIO_Init) for GPIO_Init
    tm_stm32f4_i2c.o(i.TM_I2C2_InitPins) refers to tm_stm32f4_i2c.o(.data) for GPIO_I2C_InitStruct
    tm_stm32f4_i2c.o(i.TM_I2C3_InitPins) refers to stm32f4xx_rcc.o(i.RCC_AHB1PeriphClockCmd) for RCC_AHB1PeriphClockCmd
    tm_stm32f4_i2c.o(i.TM_I2C3_InitPins) refers to stm32f4xx_gpio.o(i.GPIO_PinAFConfig) for GPIO_PinAFConfig
    tm_stm32f4_i2c.o(i.TM_I2C3_InitPins) refers to stm32f4xx_gpio.o(i.GPIO_Init) for GPIO_Init
    tm_stm32f4_i2c.o(i.TM_I2C3_InitPins) refers to tm_stm32f4_i2c.o(.data) for GPIO_I2C_InitStruct
    tm_stm32f4_i2c.o(i.TM_I2C_Init) refers to stm32f4xx_rcc.o(i.RCC_APB1PeriphClockCmd) for RCC_APB1PeriphClockCmd
    tm_stm32f4_i2c.o(i.TM_I2C_Init) refers to tm_stm32f4_i2c.o(i.TM_I2C1_InitPins) for TM_I2C1_InitPins
    tm_stm32f4_i2c.o(i.TM_I2C_Init) refers to tm_stm32f4_i2c.o(i.TM_I2C2_InitPins) for TM_I2C2_InitPins
    tm_stm32f4_i2c.o(i.TM_I2C_Init) refers to tm_stm32f4_i2c.o(i.TM_I2C3_InitPins) for TM_I2C3_InitPins
    tm_stm32f4_i2c.o(i.TM_I2C_Init) refers to stm32f4xx_i2c.o(i.I2C_Cmd) for I2C_Cmd
    tm_stm32f4_i2c.o(i.TM_I2C_Init) refers to stm32f4xx_i2c.o(i.I2C_Init) for I2C_Init
    tm_stm32f4_i2c.o(i.TM_I2C_Init) refers to tm_stm32f4_i2c.o(.data) for GPIO_I2C_InitStruct
    tm_stm32f4_i2c.o(i.TM_I2C_IsDeviceConnected) refers to tm_stm32f4_i2c.o(i.TM_I2C_Start) for TM_I2C_Start
    tm_stm32f4_i2c.o(i.TM_I2C_IsDeviceConnected) refers to tm_stm32f4_i2c.o(i.TM_I2C_Stop) for TM_I2C_Stop
    tm_stm32f4_i2c.o(i.TM_I2C_Read) refers to tm_stm32f4_i2c.o(i.TM_I2C_Start) for TM_I2C_Start
    tm_stm32f4_i2c.o(i.TM_I2C_Read) refers to tm_stm32f4_i2c.o(i.TM_I2C_WriteData) for TM_I2C_WriteData
    tm_stm32f4_i2c.o(i.TM_I2C_Read) refers to tm_stm32f4_i2c.o(i.TM_I2C_Stop) for TM_I2C_Stop
    tm_stm32f4_i2c.o(i.TM_I2C_Read) refers to tm_stm32f4_i2c.o(i.TM_I2C_ReadNack) for TM_I2C_ReadNack
    tm_stm32f4_i2c.o(i.TM_I2C_ReadAck) refers to stm32f4xx_i2c.o(i.I2C_AcknowledgeConfig) for I2C_AcknowledgeConfig
    tm_stm32f4_i2c.o(i.TM_I2C_ReadAck) refers to stm32f4xx_i2c.o(i.I2C_CheckEvent) for I2C_CheckEvent
    tm_stm32f4_i2c.o(i.TM_I2C_ReadAck) refers to stm32f4xx_i2c.o(i.I2C_ReceiveData) for I2C_ReceiveData
    tm_stm32f4_i2c.o(i.TM_I2C_ReadAck) refers to tm_stm32f4_i2c.o(.data) for TM_I2C_Timeout
    tm_stm32f4_i2c.o(i.TM_I2C_ReadMulti) refers to tm_stm32f4_i2c.o(i.TM_I2C_Start) for TM_I2C_Start
    tm_stm32f4_i2c.o(i.TM_I2C_ReadMulti) refers to tm_stm32f4_i2c.o(i.TM_I2C_WriteData) for TM_I2C_WriteData
    tm_stm32f4_i2c.o(i.TM_I2C_ReadMulti) refers to tm_stm32f4_i2c.o(i.TM_I2C_Stop) for TM_I2C_Stop
    tm_stm32f4_i2c.o(i.TM_I2C_ReadMulti) refers to tm_stm32f4_i2c.o(i.TM_I2C_ReadNack) for TM_I2C_ReadNack
[...]
    ..\stm32f429-master\stm32f429-master\00-STM32F4xx_STANDARD_PERIPHERAL_DRIVERS\STM32F4xx_StdPeriph_Driver\src\stm32f4xx_i2c.c 0x00000000   Number         0  stm32f4xx_i2c.o ABSOLUTE
    ..\stm32f429-master\stm32f429-master\00-STM32F4xx_STANDARD_PERIPHERAL_DRIVERS\STM32F4xx_StdPeriph_Driver\src\stm32f4xx_rcc.c 0x00000000   Number         0  stm32f4xx_rcc.o ABSOLUTE
    ..\stm32f429-master\stm32f429-master\00-STM32F4xx_STANDARD_PERIPHERAL_DRIVERS\STM32F4xx_StdPeriph_Driver\src\stm32f4xx_tim.c 0x00000000   Number         0  stm32f4xx_tim.o ABSOLUTE
    MadgwickAHRS.c                           0x00000000   Number         0  madgwickahrs.o ABSOLUTE
    PID.c                                    0x00000000   Number         0  pid.o ABSOLUTE
    PID.c                                    0x00000000   Number         0  pid.o ABSOLUTE
    dc.s                                     0x00000000   Number         0  dc.o ABSOLUTE
    main.c                                   0x00000000   Number         0  main.o ABSOLUTE
    main.c                                   0x00000000   Number         0  main.o ABSOLUTE
    quaternion.c                             0x00000000   Number         0  quaternion.o ABSOLUTE
    quaternion.c                             0x00000000   Number         0  quaternion.o ABSOLUTE
    stm32f4xx_it.c                           0x00000000   Number         0  stm32f4xx_it.o ABSOLUTE
    stm32f4xx_it.c                           0x00000000   Number         0  stm32f4xx_it.o ABSOLUTE
    system_stm32f4xx.c                       0x00000000   Number         0  system_stm32f4xx.o ABSOLUTE
    system_stm32f4xx.c                       0x00000000   Number         0  system_stm32f4xx.o ABSOLUTE
    tm_stm32f4_disco.c                       0x00000000   Number         0  tm_stm32f4_disco.o ABSOLUTE
    tm_stm32f4_disco.c                       0x00000000   Number         0  tm_stm32f4_disco.o ABSOLUTE
    tm_stm32f4_i2c.c                         0x00000000   Number         0  tm_stm32f4_i2c.o ABSOLUTE
    tm_stm32f4_i2c.c                         0x00000000   Number         0  tm_stm32f4_i2c.o ABSOLUTE
    RESET                                    0x08000000   Section      392  startup_stm32f40_41xxx.o(RESET)
    !!!main                                  0x08000188   Section        8  __main.o(!!!main)
    !!!scatter                               0x08000190   Section       52  __scatter.o(!!!scatter)
    !!dczerorl2                              0x080001c4   Section       90  __dczerorl2.o(!!dczerorl2)
    !!handler_zi                             0x08000220   Section       28  __scatter_zi.o(!!handler_zi)
    .ARM.Collect$$libinit$$00000000          0x0800023c   Section        2  libinit.o(.ARM.Collect$$libinit$$00000000)
    .ARM.Collect$$libinit$$00000001          0x0800023e   Section        4  libinit2.o(.ARM.Collect$$libinit$$00000001)
    .ARM.Collect$$libinit$$00000004          0x08000242   Section        0  libinit2.o(.ARM.Collect$$libinit$$00000004)
    .ARM.Collect$$libinit$$0000000A          0x08000242   Section        0  libinit2.o(.ARM.Collect$$libinit$$0000000A)
    .ARM.Collect$$libinit$$0000000C          0x08000242   Section        0  libinit2.o(.ARM.Collect$$libinit$$0000000C)
    .ARM.Collect$$libinit$$0000000E          0x08000242   Section        0  libinit2.o(.ARM.Collect$$libinit$$0000000E)
    .ARM.Collect$$libinit$$00000011          0x08000242   Section        0  libinit2.o(.ARM.Collect$$libinit$$00000011)
    .ARM.Collect$$libinit$$00000013          0x08000242   Section        0  libinit2.o(.ARM.Collect$$libinit$$00000013)
    .ARM.Collect$$libinit$$00000015          0x08000242   Section        0  libinit2.o(.ARM.Collect$$libinit$$00000015)
    .ARM.Collect$$libinit$$00000017          0x08000242   Section        0  libinit2.o(.ARM.Collect$$libinit$$00000017)
    .ARM.Collect$$libinit$$00000019          0x08000242   Section        0  libinit2.o(.ARM.Collect$$libinit$$00000019)
    .ARM.Collect$$libinit$$0000001B          0x08000242   Section        0  libinit2.o(.ARM.Collect$$libinit$$0000001B)
    .ARM.Collect$$libinit$$0000001D          0x08000242   Section        0  libinit2.o(.ARM.Collect$$libinit$$0000001D)
    .ARM.Collect$$libinit$$0000001F          0x08000242   Section        0  libinit2.o(.ARM.Collect$$libinit$$0000001F)
    .ARM.Collect$$libinit$$00000021          0x08000242   Section        0  libinit2.o(.ARM.Collect$$libinit$$00000021)
    .ARM.Collect$$libinit$$00000023          0x08000242   Section        0  libinit2.o(.ARM.Collect$$libinit$$00000023)
    .ARM.Collect$$libinit$$00000025          0x08000242   Section        0  libinit2.o(.ARM.Collect$$libinit$$00000025)
    .ARM.Collect$$libinit$$0000002C          0x08000242   Section        0  libinit2.o(.ARM.Collect$$libinit$$0000002C)
    .ARM.Collect$$libinit$$0000002E          0x08000242   Section        0  libinit2.o(.ARM.Collect$$libinit$$0000002E)
    .ARM.Collect$$libinit$$00000030          0x08000242   Section        0  libinit2.o(.ARM.Collect$$libinit$$00000030)
    .ARM.Collect$$libinit$$00000032          0x08000242   Section        0  libinit2.o(.ARM.Collect$$libinit$$00000032)
    .ARM.Collect$$libinit$$00000033          0x08000242   Section        2  libinit2.o(.ARM.Collect$$libinit$$00000033)
    .ARM.Collect$$libshutdown$$00000000      0x08000244   Section        2  libshutdown.o(.ARM.Collect$$libshutdown$$00000000)
    .ARM.Collect$$libshutdown$$00000003      0x08000246   Section        0  libshutdown2.o(.ARM.Collect$$libshutdown$$00000003)
    .ARM.Collect$$libshutdown$$00000006      0x08000246   Section        0  libshutdown2.o(.ARM.Collect$$libshutdown$$00000006)
    .ARM.Collect$$libshutdown$$00000009      0x08000246   Section        0  libshutdown2.o(.ARM.Collect$$libshutdown$$00000009)
    .ARM.Collect$$libshutdown$$0000000B      0x08000246   Section        0  libshutdown2.o(.ARM.Collect$$libshutdown$$0000000B)
    .ARM.Collect$$libshutdown$$0000000E      0x08000246   Section        0  libshutdown2.o(.ARM.Collect$$libshutdown$$0000000E)
    .ARM.Collect$$libshutdown$$0000000F      0x08000246   Section        2  libshutdown2.o(.ARM.Collect$$libshutdown$$0000000F)
    .ARM.Collect$$rtentry$$00000000          0x08000248   Section        0  __rtentry.o(.ARM.Collect$$rtentry$$00000000)
    .ARM.Collect$$rtentry$$00000002          0x08000248   Section        0  __rtentry2.o(.ARM.Collect$$rtentry$$00000002)
    .ARM.Collect$$rtentry$$00000004          0x08000248   Section        6  __rtentry4.o(.ARM.Collect$$rtentry$$00000004)
    .ARM.Collect$$rtentry$$00000009          0x0800024e   Section        0  __rtentry2.o(.ARM.Collect$$rtentry$$00000009)
    .ARM.Collect$$rtentry$$0000000A          0x0800024e   Section        4  __rtentry2.o(.ARM.Collect$$rtentry$$0000000A)
    .ARM.Collect$$rtentry$$0000000C          0x08000252   Section        0  __rtentry2.o(.ARM.Collect$$rtentry$$0000000C)
    .ARM.Collect$$rtentry$$0000000D          0x08000252   Section        8  __rtentry2.o(.ARM.Collect$$rtentry$$0000000D)
    .ARM.Collect$$rtexit$$00000000           0x0800025a   Section        2  rtexit.o(.ARM.Collect$$rtexit$$00000000)
    .ARM.Collect$$rtexit$$00000002           0x0800025c   Section        0  rtexit2.o(.ARM.Collect$$rtexit$$00000002)
    .ARM.Collect$$rtexit$$00000003           0x0800025c   Section        4  rtexit2.o(.ARM.Collect$$rtexit$$00000003)
    .ARM.Collect$$rtexit$$00000004           0x08000260   Section        6  rtexit2.o(.ARM.Collect$$rtexit$$00000004)
    .text                                    0x08000268   Section       64  startup_stm32f40_41xxx.o(.text)
    $v0                                      0x08000268   Number         0  startup_stm32f40_41xxx.o(.text)
    .text                                    0x080002a8   Section        0  heapauxi.o(.text)
    .text                                    0x080002ae   Section        0  _rserrno.o(.text)
    .text                                    0x080002c4   Section        8  rt_errno_addr_intlibspace.o(.text)
    .text                                    0x080002cc   Section        8  libspace.o(.text)
    .text                                    0x080002d4   Section       74  sys_stackheap_outer.o(.text)
    .text                                    0x0800031e   Section        0  exit.o(.text)
    .text                                    0x0800032c   Section        0  sys_exit.o(.text)
    .text                                    0x08000338   Section        2  use_no_semi.o(.text)
    .text                                    0x0800033a   Section        0  indicate_semi.o(.text)
    i.BusFault_Handler                       0x0800033a   Section        0  stm32f4xx_it.o(i.BusFault_Handler)
    i.DebugMon_Handler                       0x0800033e   Section        0  stm32f4xx_it.o(i.DebugMon_Handler)
    i.GPIO_Init                              0x08000340   Section        0  stm32f4xx_gpio.o(i.GPIO_Init)
    i.GPIO_PinAFConfig                       0x080003d0   Section        0  stm32f4xx_gpio.o(i.GPIO_PinAFConfig)
    i.HardFault_Handler                      0x08000416   Section        0  stm32f4xx_it.o(i.HardFault_Handler)
    i.I2C_AcknowledgeConfig                  0x0800041a   Section        0  stm32f4xx_i2c.o(i.I2C_AcknowledgeConfig)
    i.I2C_CheckEvent                         0x08000432   Section        0  stm32f4xx_i2c.o(i.I2C_CheckEvent)
    i.I2C_Cmd                                0x0800045c   Section        0  stm32f4xx_i2c.o(i.I2C_Cmd)
    i.I2C_GenerateSTART                      0x08000474   Section        0  stm32f4xx_i2c.o(i.I2C_GenerateSTART)
    i.I2C_GenerateSTOP                       0x0800048c   Section        0  stm32f4xx_i2c.o(i.I2C_GenerateSTOP)
    i.I2C_GetFlagStatus                      0x080004a4   Section        0  stm32f4xx_i2c.o(i.I2C_GetFlagStatus)
    i.I2C_Init                               0x080004e0   Section        0  stm32f4xx_i2c.o(i.I2C_Init)
    i.I2C_ReceiveData                        0x080005c8   Section        0  stm32f4xx_i2c.o(i.I2C_ReceiveData)
    i.I2C_Send7bitAddress                    0x080005d0   Section        0  stm32f4xx_i2c.o(i.I2C_Send7bitAddress)
    i.I2C_SendData                           0x080005e0   Section        0  stm32f4xx_i2c.o(i.I2C_SendData)
    i.MadgwickAHRSupdate                     0x080005e4   Section        0  madgwickahrs.o(i.MadgwickAHRSupdate)
    i.MadgwickAHRSupdateIMU                  0x08000fe0   Section        0  madgwickahrs.o(i.MadgwickAHRSupdateIMU)
    i.MemManage_Handler                      0x080013c4   Section        0  stm32f4xx_it.o(i.MemManage_Handler)
    i.NMI_Handler                            0x080013c8   Section        0  stm32f4xx_it.o(i.NMI_Handler)
    i.Output_Init                            0x080013cc   Section        0  pid.o(i.Output_Init)
    i.PWM_Initialize                         0x08001400   Section        0  main.o(i.PWM_Initialize)
    i.PendSV_Handler                         0x08001448   Section        0  stm32f4xx_it.o(i.PendSV_Handler)
    i.RCC_AHB1PeriphClockCmd                 0x0800144c   Section        0  stm32f4xx_rcc.o(i.RCC_AHB1PeriphClockCmd)
    i.RCC_APB1PeriphClockCmd                 0x0800146c   Section        0  stm32f4xx_rcc.o(i.RCC_APB1PeriphClockCmd)
    i.RCC_APB2PeriphClockCmd                 0x0800148c   Section        0  stm32f4xx_rcc.o(i.RCC_APB2PeriphClockCmd)
    i.RCC_GetClocksFreq                      0x080014ac   Section        0  stm32f4xx_rcc.o(i.RCC_GetClocksFreq)
    i.SVC_Handler                            0x08001594   Section        0  stm32f4xx_it.o(i.SVC_Handler)
    i.SetSysClock                            0x08001598   Section        0  system_stm32f4xx.o(i.SetSysClock)
    SetSysClock                              0x08001599   Thumb Code   220  system_stm32f4xx.o(i.SetSysClock)
    i.SysTick_Handler                        0x08001684   Section        0  main.o(i.SysTick_Handler)
    i.SystemInit                             0x08001808   Section        0  system_stm32f4xx.o(i.SystemInit)
    i.TIM_Cmd                                0x08001870   Section        0  stm32f4xx_tim.o(i.TIM_Cmd)
    i.TIM_OC1Init                            0x08001888   Section        0  stm32f4xx_tim.o(i.TIM_OC1Init)
    i.TIM_OC1PreloadConfig                   0x08001904   Section        0  stm32f4xx_tim.o(i.TIM_OC1PreloadConfig)
    i.TIM_OC2Init                            0x08001918   Section        0  stm32f4xx_tim.o(i.TIM_OC2Init)
    i.TIM_OC2PreloadConfig                   0x080019bc   Section        0  stm32f4xx_tim.o(i.TIM_OC2PreloadConfig)
    i.TIM_OC3Init                            0x080019d8   Section        0  stm32f4xx_tim.o(i.TIM_OC3Init)
    i.TIM_OC3PreloadConfig                   0x08001a78   Section        0  stm32f4xx_tim.o(i.TIM_OC3PreloadConfig)
    i.TIM_OC4Init                            0x08001a8c   Section        0  stm32f4xx_tim.o(i.TIM_OC4Init)
    i.TIM_OC4PreloadConfig                   0x08001b04   Section        0  stm32f4xx_tim.o(i.TIM_OC4PreloadConfig)
    i.TIM_TimeBaseInit                       0x08001b20   Section        0  stm32f4xx_tim.o(i.TIM_TimeBaseInit)
    i.TM_I2C1_InitPins                       0x08001ba4   Section        0  tm_stm32f4_i2c.o(i.TM_I2C1_InitPins)
    i.TM_I2C2_InitPins                       0x08001c24   Section        0  tm_stm32f4_i2c.o(i.TM_I2C2_InitPins)
    i.TM_I2C3_InitPins                       0x08001cc8   Section        0  tm_stm32f4_i2c.o(i.TM_I2C3_InitPins)
    i.TM_I2C_Init                            0x08001d54   Section        0  tm_stm32f4_i2c.o(i.TM_I2C_Init)
    i.TM_I2C_Read                            0x08001e6c   Section        0  tm_stm32f4_i2c.o(i.TM_I2C_Read)
    i.TM_I2C_ReadNack                        0x08001eac   Section        0  tm_stm32f4_i2c.o(i.TM_I2C_ReadNack)
    i.TM_I2C_Start                           0x08001efc   Section        0  tm_stm32f4_i2c.o(i.TM_I2C_Start)
    i.TM_I2C_Stop                            0x08001fcc   Section        0  tm_stm32f4_i2c.o(i.TM_I2C_Stop)
    i.TM_I2C_Write                           0x0800201c   Section        0  tm_stm32f4_i2c.o(i.TM_I2C_Write)
    i.TM_I2C_WriteData                       0x08002050   Section        0  tm_stm32f4_i2c.o(i.TM_I2C_WriteData)
    i.TM_PWM_INT_InitTIM10Pins               0x08002090   Section        0  tm_stm32f4_pwm.o(i.TM_PWM_INT_InitTIM10Pins)
    i.TM_PWM_INT_InitTIM11Pins               0x08002118   Section        0  tm_stm32f4_pwm.o(i.TM_PWM_INT_InitTIM11Pins)
    i.TM_PWM_INT_InitTIM12Pins               0x080021a0   Section        0  tm_stm32f4_pwm.o(i.TM_PWM_INT_InitTIM12Pins)
    i.TM_PWM_INT_InitTIM13Pins               0x08002284   Section        0  tm_stm32f4_pwm.o(i.TM_PWM_INT_InitTIM13Pins)
    i.TM_PWM_INT_InitTIM14Pins               0x0800230c   Section        0  tm_stm32f4_pwm.o(i.TM_PWM_INT_InitTIM14Pins)
    i.TM_PWM_INT_InitTIM1Pins                0x08002394   Section        0  tm_stm32f4_pwm.o(i.TM_PWM_INT_InitTIM1Pins)
    i.TM_PWM_INT_InitTIM2Pins                0x08002538   Section        0  tm_stm32f4_pwm.o(i.TM_PWM_INT_InitTIM2Pins)
    i.TM_PWM_INT_InitTIM3Pins                0x080026f4   Section        0  tm_stm32f4_pwm.o(i.TM_PWM_INT_InitTIM3Pins)
    i.TM_PWM_INT_InitTIM4Pins                0x080028dc   Section        0  tm_stm32f4_pwm.o(i.TM_PWM_INT_InitTIM4Pins)
    i.TM_PWM_INT_InitTIM5Pins                0x08002a78   Section        0  tm_stm32f4_pwm.o(i.TM_PWM_INT_InitTIM5Pins)
    i.TM_PWM_INT_InitTIM8Pins                0x08002c14   Section        0  tm_stm32f4_pwm.o(i.TM_PWM_INT_InitTIM8Pins)
    i.TM_PWM_INT_InitTIM9Pins                0x08002da8   Section        0  tm_stm32f4_pwm.o(i.TM_PWM_INT_InitTIM9Pins)
    i.TM_PWM_InitChannel                     0x08002e88   Section        0  tm_stm32f4_pwm.o(i.TM_PWM_InitChannel)
    i.TM_PWM_InitTimer                       0x08002f98   Section        0  tm_stm32f4_pwm.o(i.TM_PWM_InitTimer)
    i.TM_PWM_SetChannel                      0x08003090   Section        0  tm_stm32f4_pwm.o(i.TM_PWM_SetChannel)
    i.TM_PWM_SetChannelPercent               0x0800311c   Section        0  tm_stm32f4_pwm.o(i.TM_PWM_SetChannelPercent)
    i.TM_TIMER_PROPERTIES_EnableClock        0x0800318c   Section        0  tm_stm32f4_timer_properties.o(i.TM_TIMER_PROPERTIES_EnableClock)
    i.TM_TIMER_PROPERTIES_GenerateDataForWorkingFrequency 0x080032a8   Section        0  tm_stm32f4_timer_properties.o(i.TM_TIMER_PROPERTIES_GenerateDataForWorkingFrequency)
    i.TM_TIMER_PROPERTIES_GetTimerProperties 0x0800337c   Section        0  tm_stm32f4_timer_properties.o(i.TM_TIMER_PROPERTIES_GetTimerProperties)
    i.UsageFault_Handler                     0x08003448   Section        0  stm32f4xx_it.o(i.UsageFault_Handler)
    i.__ARM_fpclassify                       0x0800344c   Section        0  fpclassify.o(i.__ARM_fpclassify)
    i.__hardfp_asin                          0x08003480   Section        0  asin.o(i.__hardfp_asin)
    i.__hardfp_atan                          0x080037e0   Section        0  atan.o(i.__hardfp_atan)
    i.__hardfp_atan2                         0x08003ab8   Section        0  atan2.o(i.__hardfp_atan2)
    i.__hardfp_sqrt                          0x08003ca8   Section        0  sqrt.o(i.__hardfp_sqrt)
    i.__kernel_poly                          0x08003d22   Section        0  poly.o(i.__kernel_poly)
    i.__mathlib_dbl_infnan                   0x08003e1a   Section        0  dunder.o(i.__mathlib_dbl_infnan)
    i.__mathlib_dbl_infnan2                  0x08003e2e   Section        0  dunder.o(i.__mathlib_dbl_infnan2)
    i.__mathlib_dbl_invalid                  0x08003e48   Section        0  dunder.o(i.__mathlib_dbl_invalid)
    i.__mathlib_dbl_underflow                0x08003e68   Section        0  dunder.o(i.__mathlib_dbl_underflow)
    i.atan                                   0x08003e88   Section        0  atan.o(i.atan)
    i.fabs                                   0x08003e98   Section        0  fabs.o(i.fabs)
    i.invSqrt                                0x08003eb0   Section        0  madgwickahrs.o(i.invSqrt)
    i.main                                   0x08003ef0   Section        0  main.o(i.main)
    i.processPID                             0x08004160   Section        0  pid.o(i.processPID)
    i.quaternionToEuler                      0x0800421c   Section        0  quaternion.o(i.quaternionToEuler)
    i.refreshAcceleration                    0x080044a8   Section        0  main.o(i.refreshAcceleration)
    i.refreshAngularAcceleration             0x0800466c   Section        0  main.o(i.refreshAngularAcceleration)
    i.refreshMagneticField                   0x08004790   Section        0  main.o(i.refreshMagneticField)
    i.sqrt                                   0x080048a8   Section        0  sqrt.o(i.sqrt)
    x$fpl$basic                              0x08004916   Section       24  basic.o(x$fpl$basic)
    $v0                                      0x08004916   Number         0  basic.o(x$fpl$basic)
    x$fpl$d2f                                0x08004930   Section       98  d2f.o(x$fpl$d2f)
    $v0                                      0x08004930   Number         0  d2f.o(x$fpl$d2f)
    x$fpl$dadd                               0x08004994   Section      336  daddsub_clz.o(x$fpl$dadd)
    $v0                                      0x08004994   Number         0  daddsub_clz.o(x$fpl$dadd)
    _dadd1                                   0x080049a5   Thumb Code     0  daddsub_clz.o(x$fpl$dadd)
    x$fpl$dcmpinf                            0x08004ae4   Section       24  dcmpi.o(x$fpl$dcmpinf)
    $v0                                      0x08004ae4   Number         0  dcmpi.o(x$fpl$dcmpinf)
    x$fpl$ddiv                               0x08004afc   Section      688  ddiv.o(x$fpl$ddiv)
    $v0                                      0x08004afc   Number         0  ddiv.o(x$fpl$ddiv)
    ddiv_entry                               0x08004b03   Thumb Code     0  ddiv.o(x$fpl$ddiv)
    x$fpl$deqf                               0x08004dac   Section      120  deqf.o(x$fpl$deqf)
    $v0                                      0x08004dac   Number         0  deqf.o(x$fpl$deqf)
    x$fpl$dfixu                              0x08004e24   Section       90  dfixu.o(x$fpl$dfixu)
    $v0                                      0x08004e24   Number         0  dfixu.o(x$fpl$dfixu)
    x$fpl$dfltu                              0x08004e7e   Section       38  dflt_clz.o(x$fpl$dfltu)
    $v0                                      0x08004e7e   Number         0  dflt_clz.o(x$fpl$dfltu)
    x$fpl$dleqf                              0x08004ea4   Section      120  dleqf.o(x$fpl$dleqf)
    $v0                                      0x08004ea4   Number         0  dleqf.o(x$fpl$dleqf)
    x$fpl$dmul                               0x08004f1c   Section      340  dmul.o(x$fpl$dmul)
    $v0                                      0x08004f1c   Number         0  dmul.o(x$fpl$dmul)
    x$fpl$dnaninf                            0x08005070   Section      156  dnaninf.o(x$fpl$dnaninf)
    $v0                                      0x08005070   Number         0  dnaninf.o(x$fpl$dnaninf)
    x$fpl$dretinf                            0x0800510c   Section       12  dretinf.o(x$fpl$dretinf)
    $v0                                      0x0800510c   Number         0  dretinf.o(x$fpl$dretinf)
    x$fpl$drsb                               0x08005118   Section       22  daddsub_clz.o(x$fpl$drsb)
    $v0                                      0x08005118   Number         0  daddsub_clz.o(x$fpl$drsb)
    x$fpl$dsqrt                              0x08005130   Section      408  dsqrt_umaal.o(x$fpl$dsqrt)
    $v0                                      0x08005130   Number         0  dsqrt_umaal.o(x$fpl$dsqrt)
    x$fpl$dsub                               0x080052c8   Section      468  daddsub_clz.o(x$fpl$dsub)
    $v0                                      0x080052c8   Number         0  daddsub_clz.o(x$fpl$dsub)
    _dsub1                                   0x080052d9   Thumb Code     0  daddsub_clz.o(x$fpl$dsub)
    x$fpl$f2d                                0x0800549c   Section       86  f2d.o(x$fpl$f2d)
    $v0                                      0x0800549c   Number         0  f2d.o(x$fpl$f2d)
    x$fpl$fnaninf                            0x080054f2   Section      140  fnaninf.o(x$fpl$fnaninf)
    $v0                                      0x080054f2   Number         0  fnaninf.o(x$fpl$fnaninf)
    x$fpl$fpinit                             0x0800557e   Section       10  fpinit.o(x$fpl$fpinit)
    $v0                                      0x0800557e   Number         0  fpinit.o(x$fpl$fpinit)
    x$fpl$fretinf                            0x08005588   Section       10  fretinf.o(x$fpl$fretinf)
    $v0                                      0x08005588   Number         0  fretinf.o(x$fpl$fretinf)
    x$fpl$usenofp                            0x08005592   Section        0  usenofp.o(x$fpl$usenofp)
    .constdata                               0x08005598   Section       80  asin.o(.constdata)
    pS                                       0x08005598   Data          48  asin.o(.constdata)
    qS                                       0x080055c8   Data          32  asin.o(.constdata)
    .constdata                               0x080055e8   Section      152  atan.o(.constdata)
    atanhi                                   0x080055e8   Data          32  atan.o(.constdata)
    atanlo                                   0x08005608   Data          32  atan.o(.constdata)
    aTodd                                    0x08005628   Data          40  atan.o(.constdata)
    aTeven                                   0x08005650   Data          48  atan.o(.constdata)
    .constdata                               0x08005680   Section        8  qnan.o(.constdata)
    .data                                    0x20000000   Section       20  madgwickahrs.o(.data)
    .data                                    0x20000014   Section       20  quaternion.o(.data)
    .data                                    0x20000028   Section       24  tm_stm32f4_i2c.o(.data)
    .data                                    0x20000040   Section       16  stm32f4xx_rcc.o(.data)
    APBAHBPrescTable                         0x20000040   Data          16  stm32f4xx_rcc.o(.data)
    .data                                    0x20000050   Section      272  main.o(.data)
    .data                                    0x20000160   Section       20  system_stm32f4xx.o(.data)
    .data                                    0x20000174   Section       20  pid.o(.data)
    lastError                                0x20000184   Data           4  pid.o(.data)
    .bss                                     0x20000188   Section       20  main.o(.bss)
    .bss                                     0x2000019c   Section       96  libspace.o(.bss)
    HEAP                                     0x20000200   Section      512  startup_stm32f40_41xxx.o(HEAP)
    Heap_Mem                                 0x20000200   Data         512  startup_stm32f40_41xxx.o(HEAP)
    STACK                                    0x20000400   Section     1024  startup_stm32f40_41xxx.o(STACK)
    Stack_Mem                                0x20000400   Data        1024  startup_stm32f40_41xxx.o(STACK)
    __initial_sp                             0x20000800   Data           0  startup_stm32f40_41xxx.o(STACK)

    Global Symbols

    Symbol Name                              Value     Ov Type        Size  Object(Section)

    BuildAttributes$$THM_ISAv4$E$P$D$K$B$S$7EM$VFPi3$EXTD16$VFPS$VFMA$PE$A:L22UL41UL21$X:L11$S22US41US21$IEEE1$IW$USESV6$~STKCKD$USESV7$~SHL$OTIME$ROPI$IEEEX$EBA8$UX$STANDARDLIB$REQ8$PRES8$EABIv2 0x00000000   Number         0  anon$$obj.o ABSOLUTE
    __ARM_use_no_argv                        0x00000000   Number         0  main.o ABSOLUTE
    TM_DELAY_1msHandler                       - Undefined Weak Reference
    __ARM_exceptions_init                     - Undefined Weak Reference
    __alloca_initialize                       - Undefined Weak Reference
    __arm_preinit_                            - Undefined Weak Reference
    __cpp_initialize__aeabi_                  - Undefined Weak Reference
    __cxa_finalize                            - Undefined Weak Reference
    __rt_locale                               - Undefined Weak Reference
    __sigvec_lookup                           - Undefined Weak Reference
    _atexit_init                              - Undefined Weak Reference
    _call_atexit_fns                          - Undefined Weak Reference
    _clock_init                               - Undefined Weak Reference
    _fp_trap_init                             - Undefined Weak Reference
    _fp_trap_shutdown                         - Undefined Weak Reference
    _get_lc_collate                           - Undefined Weak Reference
    _get_lc_ctype                             - Undefined Weak Reference
    _get_lc_monetary                          - Undefined Weak Reference
    _get_lc_numeric                           - Undefined Weak Reference
    _get_lc_time                              - Undefined Weak Reference
    _getenv_init                              - Undefined Weak Reference
    _handle_redirection                       - Undefined Weak Reference
    _init_alloc                               - Undefined Weak Reference
    _init_user_alloc                          - Undefined Weak Reference
    _initio                                   - Undefined Weak Reference
    _rand_init                                - Undefined Weak Reference
    _signal_finish                            - Undefined Weak Reference
    _signal_init                              - Undefined Weak Reference
    _terminate_alloc                          - Undefined Weak Reference
    _terminate_user_alloc                     - Undefined Weak Reference
    _terminateio                              - Undefined Weak Reference
    __Vectors_Size                           0x00000188   Number         0  startup_stm32f40_41xxx.o ABSOLUTE
    __Vectors                                0x08000000   Data           4  startup_stm32f40_41xxx.o(RESET)
    __Vectors_End                            0x08000188   Data           0  startup_stm32f40_41xxx.o(RESET)
    __main                                   0x08000189   Thumb Code     8  __main.o(!!!main)
    __scatterload                            0x08000191   Thumb Code     0  __scatter.o(!!!scatter)
    __scatterload_rt2                        0x08000191   Thumb Code    44  __scatter.o(!!!scatter)
    __scatterload_rt2_thumb_only             0x08000191   Thumb Code     0  __scatter.o(!!!scatter)
    __scatterload_null                       0x0800019f   Thumb Code     0  __scatter.o(!!!scatter)
    __decompress                             0x080001c5   Thumb Code    90  __dczerorl2.o(!!dczerorl2)
    __decompress1                            0x080001c5   Thumb Code     0  __dczerorl2.o(!!dczerorl2)
    __scatterload_zeroinit                   0x08000221   Thumb Code    28  __scatter_zi.o(!!handler_zi)
    __rt_lib_init                            0x0800023d   Thumb Code     0  libinit.o(.ARM.Collect$$libinit$$00000000)
    __rt_lib_init_fp_1                       0x0800023f   Thumb Code     0  libinit2.o(.ARM.Collect$$libinit$$00000001)
    __rt_lib_init_alloca_1                   0x08000243   Thumb Code     0  libinit2.o(.ARM.Collect$$libinit$$0000002E)
    __rt_lib_init_argv_1                     0x08000243   Thumb Code     0  libinit2.o(.ARM.Collect$$libinit$$0000002C)
    __rt_lib_init_atexit_1                   0x08000243   Thumb Code     0  libinit2.o(.ARM.Collect$$libinit$$0000001B)
    __rt_lib_init_clock_1                    0x08000243   Thumb Code     0  libinit2.o(.ARM.Collect$$libinit$$00000021)
    __rt_lib_init_cpp_1                      0x08000243   Thumb Code     0  libinit2.o(.ARM.Collect$$libinit$$00000032)
    __rt_lib_init_exceptions_1               0x08000243   Thumb Code     0  libinit2.o(.ARM.Collect$$libinit$$00000030)
    __rt_lib_init_fp_trap_1                  0x08000243   Thumb Code     0  libinit2.o(.ARM.Collect$$libinit$$0000001F)
    __rt_lib_init_getenv_1                   0x08000243   Thumb Code     0  libinit2.o(.ARM.Collect$$libinit$$00000023)
    __rt_lib_init_heap_1                     0x08000243   Thumb Code     0  libinit2.o(.ARM.Collect$$libinit$$0000000A)
    __rt_lib_init_lc_collate_1               0x08000243   Thumb Code     0  libinit2.o(.ARM.Collect$$libinit$$00000011)
    __rt_lib_init_lc_ctype_1                 0x08000243   Thumb Code     0  libinit2.o(.ARM.Collect$$libinit$$00000013)
    __rt_lib_init_lc_monetary_1              0x08000243   Thumb Code     0  libinit2.o(.ARM.Collect$$libinit$$00000015)
    __rt_lib_init_lc_numeric_1               0x08000243   Thumb Code     0  libinit2.o(.ARM.Collect$$libinit$$00000017)
    __rt_lib_init_lc_time_1                  0x08000243   Thumb Code     0  libinit2.o(.ARM.Collect$$libinit$$00000019)
    __rt_lib_init_preinit_1                  0x08000243   Thumb Code     0  libinit2.o(.ARM.Collect$$libinit$$00000004)
    __rt_lib_init_rand_1                     0x08000243   Thumb Code     0  libinit2.o(.ARM.Collect$$libinit$$0000000E)
    __rt_lib_init_return                     0x08000243   Thumb Code     0  libinit2.o(.ARM.Collect$$libinit$$00000033)
    __rt_lib_init_signal_1                   0x08000243   Thumb Code     0  libinit2.o(.ARM.Collect$$libinit$$0000001D)
    __rt_lib_init_stdio_1                    0x08000243   Thumb Code     0  libinit2.o(.ARM.Collect$$libinit$$00000025)
    __rt_lib_init_user_alloc_1               0x08000243   Thumb Code     0  libinit2.o(.ARM.Collect$$libinit$$0000000C)
    __rt_lib_shutdown                        0x08000245   Thumb Code     0  libshutdown.o(.ARM.Collect$$libshutdown$$00000000)
    __rt_lib_shutdown_fp_trap_1              0x08000247   Thumb Code     0  libshutdown2.o(.ARM.Collect$$libshutdown$$00000006)
    __rt_lib_shutdown_heap_1                 0x08000247   Thumb Code     0  libshutdown2.o(.ARM.Collect$$libshutdown$$0000000E)
    __rt_lib_shutdown_return                 0x08000247   Thumb Code     0  libshutdown2.o(.ARM.Collect$$libshutdown$$0000000F)
    __rt_lib_shutdown_signal_1               0x08000247   Thumb Code     0  libshutdown2.o(.ARM.Collect$$libshutdown$$00000009)
    __rt_lib_shutdown_stdio_1                0x08000247   Thumb Code     0  libshutdown2.o(.ARM.Collect$$libshutdown$$00000003)
    __rt_lib_shutdown_user_alloc_1           0x08000247   Thumb Code     0  libshutdown2.o(.ARM.Collect$$libshutdown$$0000000B)
    __rt_entry                               0x08000249   Thumb Code     0  __rtentry.o(.ARM.Collect$$rtentry$$00000000)
    __rt_entry_presh_1                       0x08000249   Thumb Code     0  __rtentry2.o(.ARM.Collect$$rtentry$$00000002)
    __rt_entry_sh                            0x08000249   Thumb Code     0  __rtentry4.o(.ARM.Collect$$rtentry$$00000004)
    __rt_entry_li                            0x0800024f   Thumb Code     0  __rtentry2.o(.ARM.Collect$$rtentry$$0000000A)
    __rt_entry_postsh_1                      0x0800024f   Thumb Code     0  __rtentry2.o(.ARM.Collect$$rtentry$$00000009)
    __rt_entry_main                          0x08000253   Thumb Code     0  __rtentry2.o(.ARM.Collect$$rtentry$$0000000D)
    __rt_entry_postli_1                      0x08000253   Thumb Code     0  __rtentry2.o(.ARM.Collect$$rtentry$$0000000C)
    __rt_exit                                0x0800025b   Thumb Code     0  rtexit.o(.ARM.Collect$$rtexit$$00000000)
    __rt_exit_ls                             0x0800025d   Thumb Code     0  rtexit2.o(.ARM.Collect$$rtexit$$00000003)
    __rt_exit_prels_1                        0x0800025d   Thumb Code     0  rtexit2.o(.ARM.Collect$$rtexit$$00000002)
    __rt_exit_exit                           0x08000261   Thumb Code     0  rtexit2.o(.ARM.Collect$$rtexit$$00000004)
    Reset_Handler                            0x08000269   Thumb Code     8  startup_stm32f40_41xxx.o(.text)
    ADC_IRQHandler                           0x08000283   Thumb Code     0  startup_stm32f40_41xxx.o(.text)
    CAN1_RX0_IRQHandler                      0x08000283   Thumb Code     0  startup_stm32f40_41xxx.o(.text)
    CAN1_RX1_IRQHandler                      0x08000283   Thumb Code     0  startup_stm32f40_41xxx.o(.text)
    CAN1_SCE_IRQHandler                      0x08000283   Thumb Code     0  startup_stm32f40_41xxx.o(.text)
    CAN1_TX_IRQHandler                       0x08000283   Thumb Code     0  startup_stm32f40_41xxx.o(.text)
    CAN2_RX0_IRQHandler                      0x08000283   Thumb Code     0  startup_stm32f40_41xxx.o(.text)
    CAN2_RX1_IRQHandler                      0x08000283   Thumb Code     0  startup_stm32f40_41xxx.o(.text)
    CAN2_SCE_IRQHandler                      0x08000283   Thumb Code     0  startup_stm32f40_41xxx.o(.text)
    CAN2_TX_IRQHandler                       0x08000283   Thumb Code     0  startup_stm32f40_41xxx.o(.text)
    CRYP_IRQHandler                          0x08000283   Thumb Code     0  startup_stm32f40_41xxx.o(.text)
    DCMI_IRQHandler                          0x08000283   Thumb Code     0  startup_stm32f40_41xxx.o(.text)
    DMA1_Stream0_IRQHandler                  0x08000283   Thumb Code     0  startup_stm32f40_41xxx.o(.text)
    DMA1_Stream1_IRQHandler                  0x08000283   Thumb Code     0  startup_stm32f40_41xxx.o(.text)
    DMA1_Stream2_IRQHandler                  0x08000283   Thumb Code     0  startup_stm32f40_41xxx.o(.text)
    DMA1_Stream3_IRQHandler                  0x08000283   Thumb Code     0  startup_stm32f40_41xxx.o(.text)
    DMA1_Stream4_IRQHandler                  0x08000283   Thumb Code     0  startup_stm32f40_41xxx.o(.text)
    DMA1_Stream5_IRQHandler                  0x08000283   Thumb Code     0  startup_stm32f40_41xxx.o(.text)
    DMA1_Stream6_IRQHandler                  0x08000283   Thumb Code     0  startup_stm32f40_41xxx.o(.text)
    DMA1_Stream7_IRQHandler                  0x08000283   Thumb Code     0  startup_stm32f40_41xxx.o(.text)
    DMA2_Stream0_IRQHandler                  0x08000283   Thumb Code     0  startup_stm32f40_41xxx.o(.text)
    DMA2_Stream1_IRQHandler                  0x08000283   Thumb Code     0  startup_stm32f40_41xxx.o(.text)
    DMA2_Stream2_IRQHandler                  0x08000283   Thumb Code     0  startup_stm32f40_41xxx.o(.text)
    DMA2_Stream3_IRQHandler                  0x08000283   Thumb Code     0  startup_stm32f40_41xxx.o(.text)
    DMA2_Stream4_IRQHandler                  0x08000283   Thumb Code     0  startup_stm32f40_41xxx.o(.text)
    DMA2_Stream5_IRQHandler                  0x08000283   Thumb Code     0  startup_stm32f40_41xxx.o(.text)
    DMA2_Stream6_IRQHandler                  0x08000283   Thumb Code     0  startup_stm32f40_41xxx.o(.text)
    DMA2_Stream7_IRQHandler                  0x08000283   Thumb Code     0  startup_stm32f40_41xxx.o(.text)
    ETH_IRQHandler                           0x08000283   Thumb Code     0  startup_stm32f40_41xxx.o(.text)
    ETH_WKUP_IRQHandler                      0x08000283   Thumb Code     0  startup_stm32f40_41xxx.o(.text)
    EXTI0_IRQHandler                         0x08000283   Thumb Code     0  startup_stm32f40_41xxx.o(.text)
    EXTI15_10_IRQHandler                     0x08000283   Thumb Code     0  startup_stm32f40_41xxx.o(.text)
    EXTI1_IRQHandler                         0x08000283   Thumb Code     0  startup_stm32f40_41xxx.o(.text)
    EXTI2_IRQHandler                         0x08000283   Thumb Code     0  startup_stm32f40_41xxx.o(.text)
    EXTI3_IRQHandler                         0x08000283   Thumb Code     0  startup_stm32f40_41xxx.o(.text)
    EXTI4_IRQHandler                         0x08000283   Thumb Code     0  startup_stm32f40_41xxx.o(.text)
    EXTI9_5_IRQHandler                       0x08000283   Thumb Code     0  startup_stm32f40_41xxx.o(.text)
    FLASH_IRQHandler                         0x08000283   Thumb Code     0  startup_stm32f40_41xxx.o(.text)
    FPU_IRQHandler                           0x08000283   Thumb Code     0  startup_stm32f40_41xxx.o(.text)
    FSMC_IRQHandler                          0x08000283   Thumb Code     0  startup_stm32f40_41xxx.o(.text)
    HASH_RNG_IRQHandler                      0x08000283   Thumb Code     0  startup_stm32f40_41xxx.o(.text)
    I2C1_ER_IRQHandler                       0x08000283   Thumb Code     0  startup_stm32f40_41xxx.o(.text)
    I2C1_EV_IRQHandler                       0x08000283   Thumb Code     0  startup_stm32f40_41xxx.o(.text)
    I2C2_ER_IRQHandler                       0x08000283   Thumb Code     0  startup_stm32f40_41xxx.o(.text)
    I2C2_EV_IRQHandler                       0x08000283   Thumb Code     0  startup_stm32f40_41xxx.o(.text)
    I2C3_ER_IRQHandler                       0x08000283   Thumb Code     0  startup_stm32f40_41xxx.o(.text)
    I2C3_EV_IRQHandler                       0x08000283   Thumb Code     0  startup_stm32f40_41xxx.o(.text)
    OTG_FS_IRQHandler                        0x08000283   Thumb Code     0  startup_stm32f40_41xxx.o(.text)
    OTG_FS_WKUP_IRQHandler                   0x08000283   Thumb Code     0  startup_stm32f40_41xxx.o(.text)
    OTG_HS_EP1_IN_IRQHandler                 0x08000283   Thumb Code     0  startup_stm32f40_41xxx.o(.text)
    OTG_HS_EP1_OUT_IRQHandler                0x08000283   Thumb Code     0  startup_stm32f40_41xxx.o(.text)
    OTG_HS_IRQHandler                        0x08000283   Thumb Code     0  startup_stm32f40_41xxx.o(.text)
    OTG_HS_WKUP_IRQHandler                   0x08000283   Thumb Code     0  startup_stm32f40_41xxx.o(.text)
    PVD_IRQHandler                           0x08000283   Thumb Code     0  startup_stm32f40_41xxx.o(.text)
    RCC_IRQHandler                           0x08000283   Thumb Code     0  startup_stm32f40_41xxx.o(.text)
    RTC_Alarm_IRQHandler                     0x08000283   Thumb Code     0  startup_stm32f40_41xxx.o(.text)
    RTC_WKUP_IRQHandler                      0x08000283   Thumb Code     0  startup_stm32f40_41xxx.o(.text)
    SDIO_IRQHandler                          0x08000283   Thumb Code     0  startup_stm32f40_41xxx.o(.text)
    SPI1_IRQHandler                          0x08000283   Thumb Code     0  startup_stm32f40_41xxx.o(.text)
    SPI2_IRQHandler                          0x08000283   Thumb Code     0  startup_stm32f40_41xxx.o(.text)
    SPI3_IRQHandler                          0x08000283   Thumb Code     0  startup_stm32f40_41xxx.o(.text)
    TAMP_STAMP_IRQHandler                    0x08000283   Thumb Code     0  startup_stm32f40_41xxx.o(.text)
    TIM1_BRK_TIM9_IRQHandler                 0x08000283   Thumb Code     0  startup_stm32f40_41xxx.o(.text)
    TIM1_CC_IRQHandler                       0x08000283   Thumb Code     0  startup_stm32f40_41xxx.o(.text)
    TIM1_TRG_COM_TIM11_IRQHandler            0x08000283   Thumb Code     0  startup_stm32f40_41xxx.o(.text)
    TIM1_UP_TIM10_IRQHandler                 0x08000283   Thumb Code     0  startup_stm32f40_41xxx.o(.text)
    TIM2_IRQHandler                          0x08000283   Thumb Code     0  startup_stm32f40_41xxx.o(.text)
    TIM3_IRQHandler                          0x08000283   Thumb Code     0  startup_stm32f40_41xxx.o(.text)
    TIM4_IRQHandler                          0x08000283   Thumb Code     0  startup_stm32f40_41xxx.o(.text)
    TIM5_IRQHandler                          0x08000283   Thumb Code     0  startup_stm32f40_41xxx.o(.text)
    TIM6_DAC_IRQHandler                      0x08000283   Thumb Code     0  startup_stm32f40_41xxx.o(.text)
    TIM7_IRQHandler                          0x08000283   Thumb Code     0  startup_stm32f40_41xxx.o(.text)
    TIM8_BRK_TIM12_IRQHandler                0x08000283   Thumb Code     0  startup_stm32f40_41xxx.o(.text)
    TIM8_CC_IRQHandler                       0x08000283   Thumb Code     0  startup_stm32f40_41xxx.o(.text)
    TIM8_TRG_COM_TIM14_IRQHandler            0x08000283   Thumb Code     0  startup_stm32f40_41xxx.o(.text)
    TIM8_UP_TIM13_IRQHandler                 0x08000283   Thumb Code     0  startup_stm32f40_41xxx.o(.text)
    UART4_IRQHandler                         0x08000283   Thumb Code     0  startup_stm32f40_41xxx.o(.text)
    UART5_IRQHandler                         0x08000283   Thumb Code     0  startup_stm32f40_41xxx.o(.text)
    USART1_IRQHandler                        0x08000283   Thumb Code     0  startup_stm32f40_41xxx.o(.text)
    USART2_IRQHandler                        0x08000283   Thumb Code     0  startup_stm32f40_41xxx.o(.text)
    USART3_IRQHandler                        0x08000283   Thumb Code     0  startup_stm32f40_41xxx.o(.text)
    USART6_IRQHandler                        0x08000283   Thumb Code     0  startup_stm32f40_41xxx.o(.text)
    WWDG_IRQHandler                          0x08000283   Thumb Code     0  startup_stm32f40_41xxx.o(.text)
    __user_initial_stackheap                 0x08000285   Thumb Code     0  startup_stm32f40_41xxx.o(.text)
    __use_two_region_memory                  0x080002a9   Thumb Code     2  heapauxi.o(.text)
    __rt_heap_escrow$2region                 0x080002ab   Thumb Code     2  heapauxi.o(.text)
    __rt_heap_expand$2region                 0x080002ad   Thumb Code     2  heapauxi.o(.text)
    __read_errno                             0x080002af   Thumb Code    10  _rserrno.o(.text)
    __set_errno                              0x080002b9   Thumb Code    12  _rserrno.o(.text)
    __aeabi_errno_addr                       0x080002c5   Thumb Code     8  rt_errno_addr_intlibspace.o(.text)
    __errno$intlibspace                      0x080002c5   Thumb Code     0  rt_errno_addr_intlibspace.o(.text)
    __rt_errno_addr$intlibspace              0x080002c5   Thumb Code     0  rt_errno_addr_intlibspace.o(.text)
    __user_libspace                          0x080002cd   Thumb Code     8  libspace.o(.text)
    __user_perproc_libspace                  0x080002cd   Thumb Code     0  libspace.o(.text)
    __user_perthread_libspace                0x080002cd   Thumb Code     0  libspace.o(.text)
    __user_setup_stackheap                   0x080002d5   Thumb Code    74  sys_stackheap_outer.o(.text)
    exit                                     0x0800031f   Thumb Code    12  exit.o(.text)
    _sys_exit                                0x0800032d   Thumb Code     8  sys_exit.o(.text)
    __I$use$semihosting                      0x08000339   Thumb Code     0  use_no_semi.o(.text)
    __use_no_semihosting_swi                 0x08000339   Thumb Code     2  use_no_semi.o(.text)
    BusFault_Handler                         0x0800033b   Thumb Code     4  stm32f4xx_it.o(i.BusFault_Handler)
    __semihosting_library_function           0x0800033b   Thumb Code     0  indicate_semi.o(.text)
    DebugMon_Handler                         0x0800033f   Thumb Code     2  stm32f4xx_it.o(i.DebugMon_Handler)
    GPIO_Init                                0x08000341   Thumb Code   144  stm32f4xx_gpio.o(i.GPIO_Init)
    GPIO_PinAFConfig                         0x080003d1   Thumb Code    70  stm32f4xx_gpio.o(i.GPIO_PinAFConfig)
    HardFault_Handler                        0x08000417   Thumb Code     4  stm32f4xx_it.o(i.HardFault_Handler)
    I2C_AcknowledgeConfig                    0x0800041b   Thumb Code    24  stm32f4xx_i2c.o(i.I2C_AcknowledgeConfig)
    I2C_CheckEvent                           0x08000433   Thumb Code    42  stm32f4xx_i2c.o(i.I2C_CheckEvent)
    I2C_Cmd                                  0x0800045d   Thumb Code    24  stm32f4xx_i2c.o(i.I2C_Cmd)
    I2C_GenerateSTART                        0x08000475   Thumb Code    24  stm32f4xx_i2c.o(i.I2C_GenerateSTART)
    I2C_GenerateSTOP                         0x0800048d   Thumb Code    24  stm32f4xx_i2c.o(i.I2C_GenerateSTOP)
    I2C_GetFlagStatus                        0x080004a5   Thumb Code    58  stm32f4xx_i2c.o(i.I2C_GetFlagStatus)
    I2C_Init                                 0x080004e1   Thumb Code   218  stm32f4xx_i2c.o(i.I2C_Init)
    I2C_ReceiveData                          0x080005c9   Thumb Code     8  stm32f4xx_i2c.o(i.I2C_ReceiveData)
    I2C_Send7bitAddress                      0x080005d1   Thumb Code    16  stm32f4xx_i2c.o(i.I2C_Send7bitAddress)
    I2C_SendData                             0x080005e1   Thumb Code     4  stm32f4xx_i2c.o(i.I2C_SendData)
    MadgwickAHRSupdate                       0x080005e5   Thumb Code  2534  madgwickahrs.o(i.MadgwickAHRSupdate)
    MadgwickAHRSupdateIMU                    0x08000fe1   Thumb Code   972  madgwickahrs.o(i.MadgwickAHRSupdateIMU)
    MemManage_Handler                        0x080013c5   Thumb Code     4  stm32f4xx_it.o(i.MemManage_Handler)
    NMI_Handler                              0x080013c9   Thumb Code     2  stm32f4xx_it.o(i.NMI_Handler)
    Output_Init                              0x080013cd   Thumb Code    48  pid.o(i.Output_Init)
    PWM_Initialize                           0x08001401   Thumb Code    56  main.o(i.PWM_Initialize)
    PendSV_Handler                           0x08001449   Thumb Code     2  stm32f4xx_it.o(i.PendSV_Handler)
    RCC_AHB1PeriphClockCmd                   0x0800144d   Thumb Code    26  stm32f4xx_rcc.o(i.RCC_AHB1PeriphClockCmd)
    RCC_APB1PeriphClockCmd                   0x0800146d   Thumb Code    26  stm32f4xx_rcc.o(i.RCC_APB1PeriphClockCmd)
    RCC_APB2PeriphClockCmd                   0x0800148d   Thumb Code    26  stm32f4xx_rcc.o(i.RCC_APB2PeriphClockCmd)
    RCC_GetClocksFreq                        0x080014ad   Thumb Code   214  stm32f4xx_rcc.o(i.RCC_GetClocksFreq)
    SVC_Handler                              0x08001595   Thumb Code     2  stm32f4xx_it.o(i.SVC_Handler)
    SysTick_Handler                          0x08001685   Thumb Code   280  main.o(i.SysTick_Handler)
    SystemInit                               0x08001809   Thumb Code    88  system_stm32f4xx.o(i.SystemInit)
    TIM_Cmd                                  0x08001871   Thumb Code    24  stm32f4xx_tim.o(i.TIM_Cmd)
    TIM_OC1Init                              0x08001889   Thumb Code   114  stm32f4xx_tim.o(i.TIM_OC1Init)
    TIM_OC1PreloadConfig                     0x08001905   Thumb Code    18  stm32f4xx_tim.o(i.TIM_OC1PreloadConfig)
    TIM_OC2Init                              0x08001919   Thumb Code   154  stm32f4xx_tim.o(i.TIM_OC2Init)
    TIM_OC2PreloadConfig                     0x080019bd   Thumb Code    26  stm32f4xx_tim.o(i.TIM_OC2PreloadConfig)
    TIM_OC3Init                              0x080019d9   Thumb Code   150  stm32f4xx_tim.o(i.TIM_OC3Init)
    TIM_OC3PreloadConfig                     0x08001a79   Thumb Code    18  stm32f4xx_tim.o(i.TIM_OC3PreloadConfig)
    TIM_OC4Init                              0x08001a8d   Thumb Code   112  stm32f4xx_tim.o(i.TIM_OC4Init)
    TIM_OC4PreloadConfig                     0x08001b05   Thumb Code    26  stm32f4xx_tim.o(i.TIM_OC4PreloadConfig)
    TIM_TimeBaseInit                         0x08001b21   Thumb Code   104  stm32f4xx_tim.o(i.TIM_TimeBaseInit)
    TM_I2C1_InitPins                         0x08001ba5   Thumb Code   118  tm_stm32f4_i2c.o(i.TM_I2C1_InitPins)
    TM_I2C2_InitPins                         0x08001c25   Thumb Code   148  tm_stm32f4_i2c.o(i.TM_I2C2_InitPins)
    TM_I2C3_InitPins                         0x08001cc9   Thumb Code   122  tm_stm32f4_i2c.o(i.TM_I2C3_InitPins)
    TM_I2C_Init                              0x08001d55   Thumb Code   258  tm_stm32f4_i2c.o(i.TM_I2C_Init)
    TM_I2C_Read                              0x08001e6d   Thumb Code    62  tm_stm32f4_i2c.o(i.TM_I2C_Read)
    TM_I2C_ReadNack                          0x08001ead   Thumb Code    70  tm_stm32f4_i2c.o(i.TM_I2C_ReadNack)
    TM_I2C_Start                             0x08001efd   Thumb Code   190  tm_stm32f4_i2c.o(i.TM_I2C_Start)
    TM_I2C_Stop                              0x08001fcd   Thumb Code    72  tm_stm32f4_i2c.o(i.TM_I2C_Stop)
    TM_I2C_Write                             0x0800201d   Thumb Code    50  tm_stm32f4_i2c.o(i.TM_I2C_Write)
    TM_I2C_WriteData                         0x08002051   Thumb Code    54  tm_stm32f4_i2c.o(i.TM_I2C_WriteData)
    TM_PWM_INT_InitTIM10Pins                 0x08002091   Thumb Code   126  tm_stm32f4_pwm.o(i.TM_PWM_INT_InitTIM10Pins)
    TM_PWM_INT_InitTIM11Pins                 0x08002119   Thumb Code   126  tm_stm32f4_pwm.o(i.TM_PWM_INT_InitTIM11Pins)
    TM_PWM_INT_InitTIM12Pins                 0x080021a1   Thumb Code   220  tm_stm32f4_pwm.o(i.TM_PWM_INT_InitTIM12Pins)
    TM_PWM_INT_InitTIM13Pins                 0x08002285   Thumb Code   126  tm_stm32f4_pwm.o(i.TM_PWM_INT_InitTIM13Pins)
    TM_PWM_INT_InitTIM14Pins                 0x0800230d   Thumb Code   126  tm_stm32f4_pwm.o(i.TM_PWM_INT_InitTIM14Pins)
    TM_PWM_INT_InitTIM1Pins                  0x08002395   Thumb Code   410  tm_stm32f4_pwm.o(i.TM_PWM_INT_InitTIM1Pins)
    TM_PWM_INT_InitTIM2Pins                  0x08002539   Thumb Code   436  tm_stm32f4_pwm.o(i.TM_PWM_INT_InitTIM2Pins)
    TM_PWM_INT_InitTIM3Pins                  0x080026f5   Thumb Code   474  tm_stm32f4_pwm.o(i.TM_PWM_INT_InitTIM3Pins)
    TM_PWM_INT_InitTIM4Pins                  0x080028dd   Thumb Code   404  tm_stm32f4_pwm.o(i.TM_PWM_INT_InitTIM4Pins)
    TM_PWM_INT_InitTIM5Pins                  0x08002a79   Thumb Code   398  tm_stm32f4_pwm.o(i.TM_PWM_INT_InitTIM5Pins)
    TM_PWM_INT_InitTIM8Pins                  0x08002c15   Thumb Code   396  tm_stm32f4_pwm.o(i.TM_PWM_INT_InitTIM8Pins)
    TM_PWM_INT_InitTIM9Pins                  0x08002da9   Thumb Code   214  tm_stm32f4_pwm.o(i.TM_PWM_INT_InitTIM9Pins)
    TM_PWM_InitChannel                       0x08002e89   Thumb Code   228  tm_stm32f4_pwm.o(i.TM_PWM_InitChannel)
    TM_PWM_InitTimer                         0x08002f99   Thumb Code   222  tm_stm32f4_pwm.o(i.TM_PWM_InitTimer)
    TM_PWM_SetChannel                        0x08003091   Thumb Code   140  tm_stm32f4_pwm.o(i.TM_PWM_SetChannel)
    TM_PWM_SetChannelPercent                 0x0800311d   Thumb Code   108  tm_stm32f4_pwm.o(i.TM_PWM_SetChannelPercent)
    TM_TIMER_PROPERTIES_EnableClock          0x0800318d   Thumb Code   230  tm_stm32f4_timer_properties.o(i.TM_TIMER_PROPERTIES_EnableClock)
    TM_TIMER_PROPERTIES_GenerateDataForWorkingFrequency 0x080032a9   Thumb Code   202  tm_stm32f4_timer_properties.o(i.TM_TIMER_PROPERTIES_GenerateDataForWorkingFrequency)
    TM_TIMER_PROPERTIES_GetTimerProperties   0x0800337d   Thumb Code   150  tm_stm32f4_timer_properties.o(i.TM_TIMER_PROPERTIES_GetTimerProperties)
    UsageFault_Handler                       0x08003449   Thumb Code     4  stm32f4xx_it.o(i.UsageFault_Handler)
    __ARM_fpclassify                         0x0800344d   Thumb Code    48  fpclassify.o(i.__ARM_fpclassify)
    __hardfp_asin                            0x08003481   Thumb Code   770  asin.o(i.__hardfp_asin)
    __hardfp_atan                            0x080037e1   Thumb Code   622  atan.o(i.__hardfp_atan)
    __hardfp_atan2                           0x08003ab9   Thumb Code   432  atan2.o(i.__hardfp_atan2)
    __hardfp_sqrt                            0x08003ca9   Thumb Code   122  sqrt.o(i.__hardfp_sqrt)
    __kernel_poly                            0x08003d23   Thumb Code   248  poly.o(i.__kernel_poly)
    __mathlib_dbl_infnan                     0x08003e1b   Thumb Code    20  dunder.o(i.__mathlib_dbl_infnan)
    __mathlib_dbl_infnan2                    0x08003e2f   Thumb Code    20  dunder.o(i.__mathlib_dbl_infnan2)
    __mathlib_dbl_invalid                    0x08003e49   Thumb Code    24  dunder.o(i.__mathlib_dbl_invalid)
    __mathlib_dbl_underflow                  0x08003e69   Thumb Code    24  dunder.o(i.__mathlib_dbl_underflow)
    atan                                     0x08003e89   Thumb Code    16  atan.o(i.atan)
    fabs                                     0x08003e99   Thumb Code    24  fabs.o(i.fabs)
    invSqrt                                  0x08003eb1   Thumb Code    52  madgwickahrs.o(i.invSqrt)
    main                                     0x08003ef1   Thumb Code   518  main.o(i.main)
    processPID                               0x08004161   Thumb Code   160  pid.o(i.processPID)
    quaternionToEuler                        0x0800421d   Thumb Code   618  quaternion.o(i.quaternionToEuler)
    refreshAcceleration                      0x080044a9   Thumb Code   382  main.o(i.refreshAcceleration)
    refreshAngularAcceleration               0x0800466d   Thumb Code   226  main.o(i.refreshAngularAcceleration)
    refreshMagneticField                     0x08004791   Thumb Code   202  main.o(i.refreshMagneticField)
    sqrt                                     0x080048a9   Thumb Code   110  sqrt.o(i.sqrt)
    __aeabi_dneg                             0x08004917   Thumb Code     0  basic.o(x$fpl$basic)
    _dneg                                    0x08004917   Thumb Code     6  basic.o(x$fpl$basic)
    __aeabi_fneg                             0x0800491d   Thumb Code     0  basic.o(x$fpl$basic)
    _fneg                                    0x0800491d   Thumb Code     6  basic.o(x$fpl$basic)
    _dabs                                    0x08004923   Thumb Code     6  basic.o(x$fpl$basic)
    _fabs                                    0x08004929   Thumb Code     6  basic.o(x$fpl$basic)
    __aeabi_d2f                              0x08004931   Thumb Code     0  d2f.o(x$fpl$d2f)
    _d2f                                     0x08004931   Thumb Code    98  d2f.o(x$fpl$d2f)
    __aeabi_dadd                             0x08004995   Thumb Code     0  daddsub_clz.o(x$fpl$dadd)
    _dadd                                    0x08004995   Thumb Code   332  daddsub_clz.o(x$fpl$dadd)
    __fpl_dcmp_Inf                           0x08004ae5   Thumb Code    24  dcmpi.o(x$fpl$dcmpinf)
    __aeabi_ddiv                             0x08004afd   Thumb Code     0  ddiv.o(x$fpl$ddiv)
    _ddiv                                    0x08004afd   Thumb Code   552  ddiv.o(x$fpl$ddiv)
    __aeabi_cdcmpeq                          0x08004dad   Thumb Code     0  deqf.o(x$fpl$deqf)
    _dcmpeq                                  0x08004dad   Thumb Code   120  deqf.o(x$fpl$deqf)
    __aeabi_d2uiz                            0x08004e25   Thumb Code     0  dfixu.o(x$fpl$dfixu)
    _dfixu                                   0x08004e25   Thumb Code    90  dfixu.o(x$fpl$dfixu)
    __aeabi_ui2d                             0x08004e7f   Thumb Code     0  dflt_clz.o(x$fpl$dfltu)
    _dfltu                                   0x08004e7f   Thumb Code    38  dflt_clz.o(x$fpl$dfltu)
    __aeabi_cdcmple                          0x08004ea5   Thumb Code     0  dleqf.o(x$fpl$dleqf)
    _dcmple                                  0x08004ea5   Thumb Code   120  dleqf.o(x$fpl$dleqf)
    __fpl_dcmple_InfNaN                      0x08004f07   Thumb Code     0  dleqf.o(x$fpl$dleqf)
    __aeabi_dmul                             0x08004f1d   Thumb Code     0  dmul.o(x$fpl$dmul)
    _dmul                                    0x08004f1d   Thumb Code   332  dmul.o(x$fpl$dmul)
    __fpl_dnaninf                            0x08005071   Thumb Code   156  dnaninf.o(x$fpl$dnaninf)
    __fpl_dretinf                            0x0800510d   Thumb Code    12  dretinf.o(x$fpl$dretinf)
    __aeabi_drsub                            0x08005119   Thumb Code     0  daddsub_clz.o(x$fpl$drsb)
    _drsb                                    0x08005119   Thumb Code    22  daddsub_clz.o(x$fpl$drsb)
    _dsqrt                                   0x08005131   Thumb Code   404  dsqrt_umaal.o(x$fpl$dsqrt)
    __aeabi_dsub                             0x080052c9   Thumb Code     0  daddsub_clz.o(x$fpl$dsub)
    _dsub                                    0x080052c9   Thumb Code   464  daddsub_clz.o(x$fpl$dsub)
    __aeabi_f2d                              0x0800549d   Thumb Code     0  f2d.o(x$fpl$f2d)
    _f2d                                     0x0800549d   Thumb Code    86  f2d.o(x$fpl$f2d)
    __fpl_fnaninf                            0x080054f3   Thumb Code   140  fnaninf.o(x$fpl$fnaninf)
    _fp_init                                 0x0800557f   Thumb Code    10  fpinit.o(x$fpl$fpinit)
    __fplib_config_fpu_vfp                   0x08005587   Thumb Code     0  fpinit.o(x$fpl$fpinit)
    __fplib_config_pureend_doubles           0x08005587   Thumb Code     0  fpinit.o(x$fpl$fpinit)
    __fpl_fretinf                            0x08005589   Thumb Code    10  fretinf.o(x$fpl$fretinf)
    __I$use$fp                               0x08005592   Number         0  usenofp.o(x$fpl$usenofp)
    __mathlib_zero                           0x08005680   Data           8  qnan.o(.constdata)
    Region$$Table$$Base                      0x08005688   Number         0  anon$$obj.o(Region$$Table)
    Region$$Table$$Limit                     0x080056a8   Number         0  anon$$obj.o(Region$$Table)
    beta                                     0x20000000   Data           4  madgwickahrs.o(.data)
    q0                                       0x20000004   Data           4  madgwickahrs.o(.data)
    q1                                       0x20000008   Data           4  madgwickahrs.o(.data)
    q2                                       0x2000000c   Data           4  madgwickahrs.o(.data)
    q3                                       0x20000010   Data           4  madgwickahrs.o(.data)
    attitude                                 0x20000014   Data           4  quaternion.o(.data)
    heading                                  0x20000018   Data           4  quaternion.o(.data)
    bank                                     0x2000001c   Data           4  quaternion.o(.data)
    par_x                                    0x20000020   Data           4  quaternion.o(.data)
    par_y                                    0x20000024   Data           4  quaternion.o(.data)
    TM_I2C_Timeout                           0x20000028   Data           4  tm_stm32f4_i2c.o(.data)
    TM_I2C_INT_Clocks                        0x2000002c   Data          12  tm_stm32f4_i2c.o(.data)
    GPIO_I2C_InitStruct                      0x20000038   Data           8  tm_stm32f4_i2c.o(.data)
    liczba                                   0x20000050   Data           4  main.o(.data)
    liczba_back                              0x20000054   Data           4  main.o(.data)
    liczba_int                               0x20000058   Data           4  main.o(.data)
    do_wyslania                              0x2000005c   Data           4  main.o(.data)
    liczba_q0                                0x20000060   Data           4  main.o(.data)
    liczba_q1                                0x20000064   Data           4  main.o(.data)
    liczba_q2                                0x20000068   Data           4  main.o(.data)
    liczba_q3                                0x2000006c   Data           4  main.o(.data)
    counter                                  0x20000070   Data           2  main.o(.data)
    counter_temp                             0x20000072   Data           2  main.o(.data)
    counter_i2c                              0x20000074   Data           2  main.o(.data)
    counter_i2c_last                         0x20000076   Data           2  main.o(.data)
    counter_i2c_diff                         0x20000078   Data           2  main.o(.data)
    data_x_l                                 0x2000007a   Data           1  main.o(.data)
    data_x_h                                 0x2000007b   Data           1  main.o(.data)
    data_x                                   0x2000007c   Data           2  main.o(.data)
    data_y_l                                 0x2000007e   Data           1  main.o(.data)
    data_y_h                                 0x2000007f   Data           1  main.o(.data)
    data_y                                   0x20000080   Data           2  main.o(.data)
    data_z_l                                 0x20000082   Data           1  main.o(.data)
    data_z_h                                 0x20000083   Data           1  main.o(.data)
    data_z                                   0x20000084   Data           2  main.o(.data)
    data_x_l_a                               0x20000086   Data           1  main.o(.data)
    data_x_h_a                               0x20000087   Data           1  main.o(.data)
    data_x_a                                 0x20000088   Data           2  main.o(.data)
    data_y_l_a                               0x2000008a   Data           1  main.o(.data)
    data_y_h_a                               0x2000008b   Data           1  main.o(.data)
    data_y_a                                 0x2000008c   Data           2  main.o(.data)
    data_z_l_a                               0x2000008e   Data           1  main.o(.data)
    data_z_h_a                               0x2000008f   Data           1  main.o(.data)
    data_z_a                                 0x20000090   Data           2  main.o(.data)
    data_x_l_m                               0x20000092   Data           1  main.o(.data)
    data_x_h_m                               0x20000093   Data           1  main.o(.data)
    data_x_m                                 0x20000094   Data           2  main.o(.data)
    data_y_l_m                               0x20000096   Data           1  main.o(.data)
    data_y_h_m                               0x20000097   Data           1  main.o(.data)
    data_y_m                                 0x20000098   Data           2  main.o(.data)
    data_z_l_m                               0x2000009a   Data           1  main.o(.data)
    data_z_h_m                               0x2000009b   Data           1  main.o(.data)
    data_z_m                                 0x2000009c   Data           2  main.o(.data)
    data_x_f                                 0x200000a0   Data           4  main.o(.data)
    data_y_f                                 0x200000a4   Data           4  main.o(.data)
    data_z_f                                 0x200000a8   Data           4  main.o(.data)
    data_x_n                                 0x200000ac   Data           4  main.o(.data)
    data_y_n                                 0x200000b0   Data           4  main.o(.data)
    data_z_n                                 0x200000b4   Data           4  main.o(.data)
    sqrt_sum                                 0x200000b8   Data           8  main.o(.data)
    norm_sum                                 0x200000c0   Data           8  main.o(.data)
    data_x_f_a                               0x200000c8   Data           4  main.o(.data)
    data_y_f_a                               0x200000cc   Data           4  main.o(.data)
    data_z_f_a                               0x200000d0   Data           4  main.o(.data)
    data_x_n_a                               0x200000d4   Data           4  main.o(.data)
    data_y_n_a                               0x200000d8   Data           4  main.o(.data)
    data_z_n_a                               0x200000dc   Data           4  main.o(.data)
    sqrt_sum_a                               0x200000e0   Data           8  main.o(.data)
    norm_sum_a                               0x200000e8   Data           8  main.o(.data)
    data_x_f_m                               0x200000f0   Data           4  main.o(.data)
    data_y_f_m                               0x200000f4   Data           4  main.o(.data)
    data_z_f_m                               0x200000f8   Data           4  main.o(.data)
    data_x_n_m                               0x200000fc   Data           4  main.o(.data)
    data_y_n_m                               0x20000100   Data           4  main.o(.data)
    data_z_n_m                               0x20000104   Data           4  main.o(.data)
    angle_heading                            0x20000108   Data           4  main.o(.data)
    angle_attitude                           0x2000010c   Data           4  main.o(.data)
    angle_bank                               0x20000110   Data           4  main.o(.data)
    gyroGain                                 0x20000114   Data           4  main.o(.data)
    filterTime                               0x20000118   Data           4  main.o(.data)
    REG26                                    0x2000011c   Data           1  main.o(.data)
    test_x                                   0x20000120   Data           4  main.o(.data)
    test_y                                   0x20000124   Data           4  main.o(.data)
    test_z                                   0x20000128   Data           4  main.o(.data)
    offset_x_a                               0x2000012c   Data           4  main.o(.data)
    offset_y_a                               0x20000130   Data           4  main.o(.data)
    offset_z_a                               0x20000134   Data           4  main.o(.data)
    sum_x_a                                  0x20000138   Data           4  main.o(.data)
    sum_y_a                                  0x2000013c   Data           4  main.o(.data)
    sum_z_a                                  0x20000140   Data           4  main.o(.data)
    probes_a                                 0x20000144   Data           4  main.o(.data)
    set_offset                               0x20000148   Data           1  main.o(.data)
    set_offset_prev                          0x20000149   Data           1  main.o(.data)
    angle_attitude_filtered                  0x2000014c   Data           4  main.o(.data)
    filter_coeff                             0x20000150   Data           4  main.o(.data)
    PWM4                                     0x20000154   Data           4  main.o(.data)
    SP_angle                                 0x20000158   Data           4  main.o(.data)
    Td                                       0x2000015c   Data           4  main.o(.data)
    SystemCoreClock                          0x20000160   Data           4  system_stm32f4xx.o(.data)
    AHBPrescTable                            0x20000164   Data          16  system_stm32f4xx.o(.data)
    runForward                               0x20000174   Data           4  pid.o(.data)
    runBackward                              0x20000178   Data           4  pid.o(.data)
    PIDout                                   0x2000017c   Data           4  pid.o(.data)
    kp                                       0x20000180   Data           4  pid.o(.data)
    TIM4_Data                                0x20000188   Data          20  main.o(.bss)
    __libspace_start                         0x2000019c   Data          96  libspace.o(.bss)
    __temporary_stack_top$libspace           0x200001fc   Data           0  libspace.o(.bss)



==============================================================================

Memory Map of the image

  Image Entry point : 0x08000269

  Load Region LR_1 (Base: 0x08000000, Size: 0x00005830, Max: 0xffffffff, ABSOLUTE, COMPRESSED[0x000056f0])

    Execution Region ER_RO (Base: 0x08000000, Size: 0x000056a8, Max: 0xffffffff, ABSOLUTE)

    Base Addr    Size         Type   Attr      Idx    E Section Name        Object

    0x08000000   0x00000188   Data   RO         1222    RESET               startup_stm32f40_41xxx.o
    0x08000188   0x00000008   Code   RO         2063  * !!!main             c_w.l(__main.o)
    0x08000190   0x00000034   Code   RO         2350    !!!scatter          c_w.l(__scatter.o)
    0x080001c4   0x0000005a   Code   RO         2348    !!dczerorl2         c_w.l(__dczerorl2.o)
    0x0800021e   0x00000002   PAD
    0x08000220   0x0000001c   Code   RO         2352    !!handler_zi        c_w.l(__scatter_zi.o)
    0x0800023c   0x00000002   Code   RO         2222    .ARM.Collect$$libinit$$00000000  c_w.l(libinit.o)
    0x0800023e   0x00000004   Code   RO         2225    .ARM.Collect$$libinit$$00000001  c_w.l(libinit2.o)
    0x08000242   0x00000000   Code   RO         2228    .ARM.Collect$$libinit$$00000004  c_w.l(libinit2.o)
    0x08000242   0x00000000   Code   RO         2231    .ARM.Collect$$libinit$$0000000A  c_w.l(libinit2.o)
    0x08000242   0x00000000   Code   RO         2233    .ARM.Collect$$libinit$$0000000C  c_w.l(libinit2.o)
    0x08000242   0x00000000   Code   RO         2235    .ARM.Collect$$libinit$$0000000E  c_w.l(libinit2.o)
    0x08000242   0x00000000   Code   RO         2238    .ARM.Collect$$libinit$$00000011  c_w.l(libinit2.o)
    0x08000242   0x00000000   Code   RO         2240    .ARM.Collect$$libinit$$00000013  c_w.l(libinit2.o)
    0x08000242   0x00000000   Code   RO         2242    .ARM.Collect$$libinit$$00000015  c_w.l(libinit2.o)
    0x08000242   0x00000000   Code   RO         2244    .ARM.Collect$$libinit$$00000017  c_w.l(libinit2.o)
    0x08000242   0x00000000   Code   RO         2246    .ARM.Collect$$libinit$$00000019  c_w.l(libinit2.o)
    0x08000242   0x00000000   Code   RO         2248    .ARM.Collect$$libinit$$0000001B  c_w.l(libinit2.o)
    0x08000242   0x00000000   Code   RO         2250    .ARM.Collect$$libinit$$0000001D  c_w.l(libinit2.o)
    0x08000242   0x00000000   Code   RO         2252    .ARM.Collect$$libinit$$0000001F  c_w.l(libinit2.o)
    0x08000242   0x00000000   Code   RO         2254    .ARM.Collect$$libinit$$00000021  c_w.l(libinit2.o)
    0x08000242   0x00000000   Code   RO         2256    .ARM.Collect$$libinit$$00000023  c_w.l(libinit2.o)
    0x08000242   0x00000000   Code   RO         2258    .ARM.Collect$$libinit$$00000025  c_w.l(libinit2.o)
    0x08000242   0x00000000   Code   RO         2262    .ARM.Collect$$libinit$$0000002C  c_w.l(libinit2.o)
    0x08000242   0x00000000   Code   RO         2264    .ARM.Collect$$libinit$$0000002E  c_w.l(libinit2.o)
    0x08000242   0x00000000   Code   RO         2266    .ARM.Collect$$libinit$$00000030  c_w.l(libinit2.o)
    0x08000242   0x00000000   Code   RO         2268    .ARM.Collect$$libinit$$00000032  c_w.l(libinit2.o)
    0x08000242   0x00000002   Code   RO         2269    .ARM.Collect$$libinit$$00000033  c_w.l(libinit2.o)
    0x08000244   0x00000002   Code   RO         2289    .ARM.Collect$$libshutdown$$00000000  c_w.l(libshutdown.o)
    0x08000246   0x00000000   Code   RO         2303    .ARM.Collect$$libshutdown$$00000003  c_w.l(libshutdown2.o)
    0x08000246   0x00000000   Code   RO         2306    .ARM.Collect$$libshutdown$$00000006  c_w.l(libshutdown2.o)
    0x08000246   0x00000000   Code   RO         2309    .ARM.Collect$$libshutdown$$00000009  c_w.l(libshutdown2.o)
    0x08000246   0x00000000   Code   RO         2311    .ARM.Collect$$libshutdown$$0000000B  c_w.l(libshutdown2.o)
    0x08000246   0x00000000   Code   RO         2314    .ARM.Collect$$libshutdown$$0000000E  c_w.l(libshutdown2.o)
    0x08000246   0x00000002   Code   RO         2315    .ARM.Collect$$libshutdown$$0000000F  c_w.l(libshutdown2.o)
    0x08000248   0x00000000   Code   RO         2127    .ARM.Collect$$rtentry$$00000000  c_w.l(__rtentry.o)
    0x08000248   0x00000000   Code   RO         2191    .ARM.Collect$$rtentry$$00000002  c_w.l(__rtentry2.o)
    0x08000248   0x00000006   Code   RO         2203    .ARM.Collect$$rtentry$$00000004  c_w.l(__rtentry4.o)
    0x0800024e   0x00000000   Code   RO         2193    .ARM.Collect$$rtentry$$00000009  c_w.l(__rtentry2.o)
    0x0800024e   0x00000004   Code   RO         2194    .ARM.Collect$$rtentry$$0000000A  c_w.l(__rtentry2.o)
    0x08000252   0x00000000   Code   RO         2196    .ARM.Collect$$rtentry$$0000000C  c_w.l(__rtentry2.o)
    0x08000252   0x00000008   Code   RO         2197    .ARM.Collect$$rtentry$$0000000D  c_w.l(__rtentry2.o)
    0x0800025a   0x00000002   Code   RO         2223    .ARM.Collect$$rtexit$$00000000  c_w.l(rtexit.o)
    0x0800025c   0x00000000   Code   RO         2271    .ARM.Collect$$rtexit$$00000002  c_w.l(rtexit2.o)
    0x0800025c   0x00000004   Code   RO         2272    .ARM.Collect$$rtexit$$00000003  c_w.l(rtexit2.o)
    0x08000260   0x00000006   Code   RO         2273    .ARM.Collect$$rtexit$$00000004  c_w.l(rtexit2.o)
    0x08000266   0x00000002   PAD
    0x08000268   0x00000040   Code   RO         1223  * .text               startup_stm32f40_41xxx.o
    0x080002a8   0x00000006   Code   RO         2061    .text               c_w.l(heapauxi.o)
    0x080002ae   0x00000016   Code   RO         2128    .text               c_w.l(_rserrno.o)
    0x080002c4   0x00000008   Code   RO         2208    .text               c_w.l(rt_errno_addr_intlibspace.o)
    0x080002cc   0x00000008   Code   RO         2210    .text               c_w.l(libspace.o)
    0x080002d4   0x0000004a   Code   RO         2213    .text               c_w.l(sys_stackheap_outer.o)
    0x0800031e   0x0000000c   Code   RO         2215    .text               c_w.l(exit.o)
    0x0800032a   0x00000002   PAD
    0x0800032c   0x0000000c   Code   RO         2281    .text               c_w.l(sys_exit.o)
    0x08000338   0x00000002   Code   RO         2292    .text               c_w.l(use_no_semi.o)
    0x0800033a   0x00000000   Code   RO         2294    .text               c_w.l(indicate_semi.o)
    0x0800033a   0x00000004   Code   RO         1071    i.BusFault_Handler  stm32f4xx_it.o
    0x0800033e   0x00000002   Code   RO         1072    i.DebugMon_Handler  stm32f4xx_it.o
    0x08000340   0x00000090   Code   RO          281    i.GPIO_Init         stm32f4xx_gpio.o
    0x080003d0   0x00000046   Code   RO          282    i.GPIO_PinAFConfig  stm32f4xx_gpio.o
    0x08000416   0x00000004   Code   RO         1073    i.HardFault_Handler  stm32f4xx_it.o
    0x0800041a   0x00000018   Code   RO          713    i.I2C_AcknowledgeConfig  stm32f4xx_i2c.o
    0x08000432   0x0000002a   Code   RO          716    i.I2C_CheckEvent    stm32f4xx_i2c.o
    0x0800045c   0x00000018   Code   RO          719    i.I2C_Cmd           stm32f4xx_i2c.o
    0x08000474   0x00000018   Code   RO          727    i.I2C_GenerateSTART  stm32f4xx_i2c.o
    0x0800048c   0x00000018   Code   RO          728    i.I2C_GenerateSTOP  stm32f4xx_i2c.o
    0x080004a4   0x0000003a   Code   RO          729    i.I2C_GetFlagStatus  stm32f4xx_i2c.o
    0x080004de   0x00000002   PAD
    0x080004e0   0x000000e8   Code   RO          734    i.I2C_Init          stm32f4xx_i2c.o
    0x080005c8   0x00000008   Code   RO          739    i.I2C_ReceiveData   stm32f4xx_i2c.o
    0x080005d0   0x00000010   Code   RO          741    i.I2C_Send7bitAddress  stm32f4xx_i2c.o
    0x080005e0   0x00000004   Code   RO          742    i.I2C_SendData      stm32f4xx_i2c.o
    0x080005e4   0x000009fc   Code   RO            1    i.MadgwickAHRSupdate  madgwickahrs.o
    0x08000fe0   0x000003e4   Code   RO            2    i.MadgwickAHRSupdateIMU  madgwickahrs.o
    0x080013c4   0x00000004   Code   RO         1074    i.MemManage_Handler  stm32f4xx_it.o
    0x080013c8   0x00000002   Code   RO         1075    i.NMI_Handler       stm32f4xx_it.o
    0x080013ca   0x00000002   PAD
    0x080013cc   0x00000034   Code   RO         2029    i.Output_Init       pid.o
    0x08001400   0x00000048   Code   RO         1142    i.PWM_Initialize    main.o
    0x08001448   0x00000002   Code   RO         1076    i.PendSV_Handler    stm32f4xx_it.o
    0x0800144a   0x00000002   PAD
    0x0800144c   0x00000020   Code   RO          378    i.RCC_AHB1PeriphClockCmd  stm32f4xx_rcc.o
    0x0800146c   0x00000020   Code   RO          387    i.RCC_APB1PeriphClockCmd  stm32f4xx_rcc.o
    0x0800148c   0x00000020   Code   RO          390    i.RCC_APB2PeriphClockCmd  stm32f4xx_rcc.o
    0x080014ac   0x000000e8   Code   RO          399    i.RCC_GetClocksFreq  stm32f4xx_rcc.o
    0x08001594   0x00000002   Code   RO         1077    i.SVC_Handler       stm32f4xx_it.o
    0x08001596   0x00000002   PAD
    0x08001598   0x000000ec   Code   RO         1229    i.SetSysClock       system_stm32f4xx.o
    0x08001684   0x00000184   Code   RO         1143    i.SysTick_Handler   main.o
    0x08001808   0x00000068   Code   RO         1231    i.SystemInit        system_stm32f4xx.o
    0x08001870   0x00000018   Code   RO         1445    i.TIM_Cmd           stm32f4xx_tim.o
    0x08001888   0x0000007c   Code   RO         1474    i.TIM_OC1Init       stm32f4xx_tim.o
    0x08001904   0x00000012   Code   RO         1477    i.TIM_OC1PreloadConfig  stm32f4xx_tim.o
    0x08001916   0x00000002   PAD
    0x08001918   0x000000a4   Code   RO         1479    i.TIM_OC2Init       stm32f4xx_tim.o
    0x080019bc   0x0000001a   Code   RO         1482    i.TIM_OC2PreloadConfig  stm32f4xx_tim.o
    0x080019d6   0x00000002   PAD
    0x080019d8   0x000000a0   Code   RO         1484    i.TIM_OC3Init       stm32f4xx_tim.o
    0x08001a78   0x00000012   Code   RO         1487    i.TIM_OC3PreloadConfig  stm32f4xx_tim.o
    0x08001a8a   0x00000002   PAD
    0x08001a8c   0x00000078   Code   RO         1489    i.TIM_OC4Init       stm32f4xx_tim.o
    0x08001b04   0x0000001a   Code   RO         1491    i.TIM_OC4PreloadConfig  stm32f4xx_tim.o
    0x08001b1e   0x00000002   PAD
    0x08001b20   0x00000084   Code   RO         1517    i.TIM_TimeBaseInit  stm32f4xx_tim.o
    0x08001ba4   0x00000080   Code   RO          170    i.TM_I2C1_InitPins  tm_stm32f4_i2c.o
    0x08001c24   0x000000a4   Code   RO          171    i.TM_I2C2_InitPins  tm_stm32f4_i2c.o
    0x08001cc8   0x0000008c   Code   RO          172    i.TM_I2C3_InitPins  tm_stm32f4_i2c.o
    0x08001d54   0x00000118   Code   RO          173    i.TM_I2C_Init       tm_stm32f4_i2c.o
    0x08001e6c   0x0000003e   Code   RO          175    i.TM_I2C_Read       tm_stm32f4_i2c.o
    0x08001eaa   0x00000002   PAD
    0x08001eac   0x00000050   Code   RO          179    i.TM_I2C_ReadNack   tm_stm32f4_i2c.o
    0x08001efc   0x000000d0   Code   RO          180    i.TM_I2C_Start      tm_stm32f4_i2c.o
    0x08001fcc   0x00000050   Code   RO          181    i.TM_I2C_Stop       tm_stm32f4_i2c.o
    0x0800201c   0x00000032   Code   RO          182    i.TM_I2C_Write      tm_stm32f4_i2c.o
    0x0800204e   0x00000002   PAD
    0x08002050   0x00000040   Code   RO          183    i.TM_I2C_WriteData  tm_stm32f4_i2c.o
    0x08002090   0x00000088   Code   RO         1266    i.TM_PWM_INT_InitTIM10Pins  tm_stm32f4_pwm.o
    0x08002118   0x00000088   Code   RO         1267    i.TM_PWM_INT_InitTIM11Pins  tm_stm32f4_pwm.o
    0x080021a0   0x000000e4   Code   RO         1268    i.TM_PWM_INT_InitTIM12Pins  tm_stm32f4_pwm.o
    0x08002284   0x00000088   Code   RO         1269    i.TM_PWM_INT_InitTIM13Pins  tm_stm32f4_pwm.o
    0x0800230c   0x00000088   Code   RO         1270    i.TM_PWM_INT_InitTIM14Pins  tm_stm32f4_pwm.o
    0x08002394   0x000001a4   Code   RO         1271    i.TM_PWM_INT_InitTIM1Pins  tm_stm32f4_pwm.o
    0x08002538   0x000001bc   Code   RO         1272    i.TM_PWM_INT_InitTIM2Pins  tm_stm32f4_pwm.o
    0x080026f4   0x000001e8   Code   RO         1273    i.TM_PWM_INT_InitTIM3Pins  tm_stm32f4_pwm.o
    0x080028dc   0x0000019c   Code   RO         1274    i.TM_PWM_INT_InitTIM4Pins  tm_stm32f4_pwm.o
    0x08002a78   0x0000019c   Code   RO         1275    i.TM_PWM_INT_InitTIM5Pins  tm_stm32f4_pwm.o
    0x08002c14   0x00000194   Code   RO         1276    i.TM_PWM_INT_InitTIM8Pins  tm_stm32f4_pwm.o
    0x08002da8   0x000000e0   Code   RO         1277    i.TM_PWM_INT_InitTIM9Pins  tm_stm32f4_pwm.o
    0x08002e88   0x00000110   Code   RO         1278    i.TM_PWM_InitChannel  tm_stm32f4_pwm.o
    0x08002f98   0x000000f8   Code   RO         1279    i.TM_PWM_InitTimer  tm_stm32f4_pwm.o
    0x08003090   0x0000008c   Code   RO         1280    i.TM_PWM_SetChannel  tm_stm32f4_pwm.o
    0x0800311c   0x00000070   Code   RO         1282    i.TM_PWM_SetChannelPercent  tm_stm32f4_pwm.o
    0x0800318c   0x0000011c   Code   RO         1992    i.TM_TIMER_PROPERTIES_EnableClock  tm_stm32f4_timer_properties.o
    0x080032a8   0x000000d4   Code   RO         1993    i.TM_TIMER_PROPERTIES_GenerateDataForWorkingFrequency  tm_stm32f4_timer_properties.o
    0x0800337c   0x000000cc   Code   RO         1994    i.TM_TIMER_PROPERTIES_GetTimerProperties  tm_stm32f4_timer_properties.o
    0x08003448   0x00000004   Code   RO         1079    i.UsageFault_Handler  stm32f4xx_it.o
    0x0800344c   0x00000030   Code   RO         2185    i.__ARM_fpclassify  m_wm.l(fpclassify.o)
    0x0800347c   0x00000004   PAD
    0x08003480   0x00000360   Code   RO         2089    i.__hardfp_asin     m_wm.l(asin.o)
    0x080037e0   0x000002d8   Code   RO         2151    i.__hardfp_atan     m_wm.l(atan.o)
    0x08003ab8   0x000001f0   Code   RO         2103    i.__hardfp_atan2    m_wm.l(atan2.o)
    0x08003ca8   0x0000007a   Code   RO         2115    i.__hardfp_sqrt     m_wm.l(sqrt.o)
    0x08003d22   0x000000f8   Code   RO         2187    i.__kernel_poly     m_wm.l(poly.o)
    0x08003e1a   0x00000014   Code   RO         2166    i.__mathlib_dbl_infnan  m_wm.l(dunder.o)
    0x08003e2e   0x00000014   Code   RO         2167    i.__mathlib_dbl_infnan2  m_wm.l(dunder.o)
    0x08003e42   0x00000006   PAD
    0x08003e48   0x00000020   Code   RO         2168    i.__mathlib_dbl_invalid  m_wm.l(dunder.o)
    0x08003e68   0x00000020   Code   RO         2171    i.__mathlib_dbl_underflow  m_wm.l(dunder.o)
    0x08003e88   0x00000010   Code   RO         2153    i.atan              m_wm.l(atan.o)
    0x08003e98   0x00000018   Code   RO         2181    i.fabs              m_wm.l(fabs.o)
    0x08003eb0   0x00000040   Code   RO            3    i.invSqrt           madgwickahrs.o
    0x08003ef0   0x00000270   Code   RO         1144    i.main              main.o
    0x08004160   0x000000bc   Code   RO         2030    i.processPID        pid.o
    0x0800421c   0x0000028c   Code   RO           39    i.quaternionToEuler  quaternion.o
    0x080044a8   0x000001c4   Code   RO         1145    i.refreshAcceleration  main.o
    0x0800466c   0x00000124   Code   RO         1146    i.refreshAngularAcceleration  main.o
    0x08004790   0x00000118   Code   RO         1147    i.refreshMagneticField  main.o
    0x080048a8   0x0000006e   Code   RO         2117    i.sqrt              m_wm.l(sqrt.o)
    0x08004916   0x00000018   Code   RO         2130    x$fpl$basic         fz_wm.l(basic.o)
    0x0800492e   0x00000002   PAD
    0x08004930   0x00000062   Code   RO         2065    x$fpl$d2f           fz_wm.l(d2f.o)
    0x08004992   0x00000002   PAD
    0x08004994   0x00000150   Code   RO         2132    x$fpl$dadd          fz_wm.l(daddsub_clz.o)
    0x08004ae4   0x00000018   Code   RO         2138    x$fpl$dcmpinf       fz_wm.l(dcmpi.o)
    0x08004afc   0x000002b0   Code   RO         2068    x$fpl$ddiv          fz_wm.l(ddiv.o)
    0x08004dac   0x00000078   Code   RO         2071    x$fpl$deqf          fz_wm.l(deqf.o)
    0x08004e24   0x0000005a   Code   RO         2073    x$fpl$dfixu         fz_wm.l(dfixu.o)
    0x08004e7e   0x00000026   Code   RO         2077    x$fpl$dfltu         fz_wm.l(dflt_clz.o)
    0x08004ea4   0x00000078   Code   RO         2083    x$fpl$dleqf         fz_wm.l(dleqf.o)
    0x08004f1c   0x00000154   Code   RO         2085    x$fpl$dmul          fz_wm.l(dmul.o)
    0x08005070   0x0000009c   Code   RO         2140    x$fpl$dnaninf       fz_wm.l(dnaninf.o)
    0x0800510c   0x0000000c   Code   RO         2142    x$fpl$dretinf       fz_wm.l(dretinf.o)
    0x08005118   0x00000016   Code   RO         2133    x$fpl$drsb          fz_wm.l(daddsub_clz.o)
    0x0800512e   0x00000002   PAD
    0x08005130   0x00000198   Code   RO         2144    x$fpl$dsqrt         fz_wm.l(dsqrt_umaal.o)
    0x080052c8   0x000001d4   Code   RO         2134    x$fpl$dsub          fz_wm.l(daddsub_clz.o)
    0x0800549c   0x00000056   Code   RO         2087    x$fpl$f2d           fz_wm.l(f2d.o)
    0x080054f2   0x0000008c   Code   RO         2146    x$fpl$fnaninf       fz_wm.l(fnaninf.o)
    0x0800557e   0x0000000a   Code   RO         2279    x$fpl$fpinit        fz_wm.l(fpinit.o)
    0x08005588   0x0000000a   Code   RO         2148    x$fpl$fretinf       fz_wm.l(fretinf.o)
    0x08005592   0x00000000   Code   RO         2150    x$fpl$usenofp       fz_wm.l(usenofp.o)
    0x08005592   0x00000006   PAD
    0x08005598   0x00000050   Data   RO         2092    .constdata          m_wm.l(asin.o)
    0x080055e8   0x00000098   Data   RO         2154    .constdata          m_wm.l(atan.o)
    0x08005680   0x00000008   Data   RO         2189    .constdata          m_wm.l(qnan.o)
    0x08005688   0x00000020   Data   RO         2346    Region$$Table       anon$$obj.o


    Execution Region ER_RW (Base: 0x20000000, Size: 0x00000188, Max: 0xffffffff, ABSOLUTE, COMPRESSED[0x00000048])

    Base Addr    Size         Type   Attr      Idx    E Section Name        Object

    0x20000000   0x00000014   Data   RW            4    .data               madgwickahrs.o
    0x20000014   0x00000014   Data   RW           40    .data               quaternion.o
    0x20000028   0x00000018   Data   RW          185    .data               tm_stm32f4_i2c.o
    0x20000040   0x00000010   Data   RW          431    .data               stm32f4xx_rcc.o
    0x20000050   0x00000110   Data   RW         1149    .data               main.o
    0x20000160   0x00000014   Data   RW         1232    .data               system_stm32f4xx.o
    0x20000174   0x00000014   Data   RW         2031    .data               pid.o


    Execution Region ER_ZI (Base: 0x20000188, Size: 0x00000678, Max: 0xffffffff, ABSOLUTE)

    Base Addr    Size         Type   Attr      Idx    E Section Name        Object

    0x20000188   0x00000014   Zero   RW         1148    .bss                main.o
    0x2000019c   0x00000060   Zero   RW         2211    .bss                c_w.l(libspace.o)
    0x200001fc   0x00000004   PAD
    0x20000200   0x00000200   Zero   RW         1221    HEAP                startup_stm32f40_41xxx.o
    0x20000400   0x00000400   Zero   RW         1220    STACK               startup_stm32f40_41xxx.o


==============================================================================

Image component sizes


      Code (inc. data)   RO Data    RW Data    ZI Data      Debug   Object Name

      3616         96          0         20          0       6466   madgwickahrs.o
      2108        444          0        272         20      36317   main.o
       240         32          0         20          0       1486   pid.o
       652         34          0         20          0     283216   quaternion.o
        64         26        392          0       1536       1068   startup_stm32f40_41xxx.o
       214          0          0          0          0       2399   stm32f4xx_gpio.o
       456         14          0          0          0       8724   stm32f4xx_i2c.o
        24          0          0          0          0       3532   stm32f4xx_it.o
       328         36          0         16          0       5711   stm32f4xx_rcc.o
       812         66          0          0          0       9201   stm32f4xx_tim.o
       340         32          0         20          0       1817   system_stm32f4xx.o
      1256        112          0         24          0       8297   tm_stm32f4_i2c.o
      4348        194          0          0          0      16184   tm_stm32f4_pwm.o
       700        118          0          0          0       3333   tm_stm32f4_timer_properties.o

    ----------------------------------------------------------------------
     15178       1204        424        392       1556     387751   Object Totals
         0          0         32          0          0          0   (incl. Generated)
        20          0          0          0          0          0   (incl. Padding)

    ----------------------------------------------------------------------

      Code (inc. data)   RO Data    RW Data    ZI Data      Debug   Library Member Name

        90          0          0          0          0          0   __dczerorl2.o
         8          0          0          0          0         68   __main.o
         0          0          0          0          0          0   __rtentry.o
        12          0          0          0          0          0   __rtentry2.o
         6          0          0          0          0          0   __rtentry4.o
        52          8          0          0          0          0   __scatter.o
        28          0          0          0          0          0   __scatter_zi.o
        22          0          0          0          0        100   _rserrno.o
        12          0          0          0          0         72   exit.o
         6          0          0          0          0        152   heapauxi.o
         0          0          0          0          0          0   indicate_semi.o
         2          0          0          0          0          0   libinit.o
         6          0          0          0          0          0   libinit2.o
         2          0          0          0          0          0   libshutdown.o
         2          0          0          0          0          0   libshutdown2.o
         8          4          0          0         96         68   libspace.o
         8          4          0          0          0         68   rt_errno_addr_intlibspace.o
         2          0          0          0          0          0   rtexit.o
        10          0          0          0          0          0   rtexit2.o
        12          4          0          0          0         68   sys_exit.o
        74          0          0          0          0         80   sys_stackheap_outer.o
         2          0          0          0          0         68   use_no_semi.o
        24          0          0          0          0        164   basic.o
        98          4          0          0          0        140   d2f.o
       826         16          0          0          0        492   daddsub_clz.o
        24          0          0          0          0        116   dcmpi.o
       688        140          0          0          0        256   ddiv.o
       120          4          0          0          0        140   deqf.o
        90          4          0          0          0        140   dfixu.o
        38          0          0          0          0        116   dflt_clz.o
       120          4          0          0          0        140   dleqf.o
       340         12          0          0          0        152   dmul.o
       156          4          0          0          0        140   dnaninf.o
        12          0          0          0          0        116   dretinf.o
       408         56          0          0          0        168   dsqrt_umaal.o
        86          4          0          0          0        132   f2d.o
       140          4          0          0          0        132   fnaninf.o
        10          0          0          0          0        116   fpinit.o
        10          0          0          0          0        116   fretinf.o
         0          0          0          0          0          0   usenofp.o
       864         94         80          0          0        280   asin.o
       744        106        152          0          0        352   atan.o
       496         64          0          0          0        192   atan2.o
       104         16          0          0          0        496   dunder.o
        24          0          0          0          0        124   fabs.o
        48          0          0          0          0        124   fpclassify.o
       248          0          0          0          0        152   poly.o
         0          0          8          0          0          0   qnan.o
       232          0          0          0          0        296   sqrt.o

    ----------------------------------------------------------------------
      6342        552        240          0        100       5536   Library Totals
        28          0          0          0          4          0   (incl. Padding)

    ----------------------------------------------------------------------

      Code (inc. data)   RO Data    RW Data    ZI Data      Debug   Library Name

       364         20          0          0         96        744   c_w.l
      3190        252          0          0          0       2776   fz_wm.l
      2760        280        240          0          0       2016   m_wm.l

    ----------------------------------------------------------------------
      6342        552        240          0        100       5536   Library Totals

    ----------------------------------------------------------------------

==============================================================================


      Code (inc. data)   RO Data    RW Data    ZI Data      Debug   

     21520       1756        664        392       1656     382927   Grand Totals
     21520       1756        664         72       1656     382927   ELF Image Totals (compressed)
     21520       1756        664         72          0          0   ROM Totals

==============================================================================

    Total RO  Size (Code + RO Data)                22184 (  21.66kB)
    Total RW  Size (RW Data + ZI Data)              2048 (   2.00kB)
    Total ROM Size (Code + RO Data + RW Data)      22256 (  21.73kB)

==============================================================================

