<html>
<body>
<pre>
<h1>µVision Build Log</h1>
<h2>Tool Versions:</h2>
IDE-Version: µVision V5.13.0.0
Copyright (C) 2014 ARM Ltd and ARM Germany GmbH. All rights reserved.
License Information: Pawel Kowalski, -, LIC=----
 
Tool Versions:
Toolchain:       MDK-Lite  Version: 5.13.0.0
Toolchain Path:  C:\Keil_v5\ARM\ARMCC\Bin
C Compiler:      Armcc.exe V5.05 update 1 (build 106)
Assembler:       Armasm.exe V5.05 update 1 (build 106)
Linker/Locator:  ArmLink.exe V5.05 update 1 (build 106)
Library Manager: ArmAr.exe V5.05 update 1 (build 106)
Hex Converter:   FromElf.exe V5.05 update 1 (build 106)
CPU DLL:         SARMCM3.DLL V5.13.0.0
Dialog DLL:      DCM.DLL V1.13.1.0
Target DLL:      STLink\ST-LINKIII-KEIL_SWO.dll V2.0.14.0_KEIL
Dialog DLL:      TCM.DLL V1.14.4.0
 
<h2>Project:</h2>
C:\Users\Pawel\Documents\ARM\test_accel_usb_2\test_accel_usb.uvprojx
Project File Date:  02/27/2015

<h2>Output:</h2>
Build target 'Target 1'
compiling main.c...
quaternion.h(15): warning:  #1-D: last line of file ends without a newline
  #endif
main.c(375): warning:  #1-D: last line of file ends without a newline
  }
main.c(278): warning:  #177-D: variable "c" was declared but never referenced
                 uint8_t c;
main.c(279): warning:  #177-D: variable "i" was declared but never referenced
                        int i;
main.c: 4 warnings, 0 errors
linking...
Program Size: Code=21520 RO-data=664 RW-data=392 ZI-data=1656  
".\Objects\test_accel_usb.axf" - 0 Error(s), 4 Warning(s).

<h2>Collection of Component include folders:</h2>
  C:\Users\Pawel\Documents\ARM\test_accel_usb_2\RTE
  C:\Keil_v5\ARM\PACK\Keil\STM32F4xx_DFP\2.3.0\Drivers\CMSIS\Device\ST\STM32F4xx\Include

<h2>Collection of Component Files used:</h2>
</pre>
</body>
</html>
